00:01:27 **** Auto Build of configuration Debug for project PWM ****
make pre-build main-build 
a9-linaro-pre-build-step
' '
'Building file: ../src/main.c'
'Invoking: ARM v7 gcc compiler'
arm-none-eabi-gcc -Wall -O0 -g3 -c -fmessage-length=0 -MT"src/main.o" -mcpu=cortex-a9 -mfpu=vfpv3 -mfloat-abi=hard -I../../PWM_bsp/ps7_cortexa9_0/include -MMD -MP -MF"src/main.d" -MT"src/main.o" -o "src/main.o" "../src/main.c"
../src/main.c: In function 'main':
../src/main.c:23:11: warning: format '%d' expects argument of type 'int *', but argument 2 has type 'u32 *' {aka 'long unsigned int *'} [-Wformat=]
   scanf("%d", &a0);
          ~^   ~~~
          %ld
../src/main.c:24:13: warning: format '%d' expects argument of type 'int', but argument 2 has type 'u32' {aka 'long unsigned int'} [-Wformat=]
   printf(" %d\r\n", a0);
            ~^       ~~
            %ld
../src/main.c:26:11: warning: format '%d' expects argument of type 'int *', but argument 2 has type 'u32 *' {aka 'long unsigned int *'} [-Wformat=]
   scanf("%d", &a1);
          ~^   ~~~
          %ld
../src/main.c:27:13: warning: format '%d' expects argument of type 'int', but argument 2 has type 'u32' {aka 'long unsigned int'} [-Wformat=]
   printf(" %d\r\n", a1);
            ~^       ~~
            %ld
../src/main.c:29:11: warning: format '%d' expects argument of type 'int *', but argument 2 has type 'u32 *' {aka 'long unsigned int *'} [-Wformat=]
   scanf("%d", &a2);
          ~^   ~~~
          %ld
../src/main.c:30:13: warning: format '%d' expects argument of type 'int', but argument 2 has type 'u32' {aka 'long unsigned int'} [-Wformat=]
   printf(" %d\r\n", a2);
            ~^       ~~
            %ld
'Finished building: ../src/main.c'
' '
'Building target: PWM.elf'
'Invoking: ARM v7 gcc linker'
arm-none-eabi-gcc -mcpu=cortex-a9 -mfpu=vfpv3 -mfloat-abi=hard -Wl,-build-id=none -specs=Xilinx.spec -Wl,-T -Wl,../src/lscript.ld -L../../PWM_bsp/ps7_cortexa9_0/lib -o "PWM.elf"  ./src/main.o   -Wl,--start-group,-lxil,-lgcc,-lc,--end-group
'Finished building target: PWM.elf'
' '
'Invoking: ARM v7 Print Size'
arm-none-eabi-size PWM.elf  |tee "PWM.elf.size"
   text	   data	    bss	    dec	    hex	filename
  98232	   2584	  23328	 124144	  1e4f0	PWM.elf
'Finished building: PWM.elf.size'
' '

00:01:29 Build Finished (took 1s.467ms)

