23:48:40 **** Build of project test10_bsp ****
make -k all 
"Running Make include in ps7_cortexa9_0/libsrc/bram_v4_2/src"
make -C ps7_cortexa9_0/libsrc/bram_v4_2/src -s include  "SHELL=CMD" "COMPILER=arm-none-eabi-gcc" "ARCHIVER=arm-none-eabi-ar" "COMPILER_FLAGS=  -O2 -c" "EXTRA_COMPILER_FLAGS=-mcpu=cortex-a9 -mfpu=vfpv3 -mfloat-abi=hard -nostartfiles -g -Wall -Wextra"
"Running Make include in ps7_cortexa9_0/libsrc/coresightps_dcc_v1_4/src"
make -C ps7_cortexa9_0/libsrc/coresightps_dcc_v1_4/src -s include  "SHELL=CMD" "COMPILER=arm-none-eabi-gcc" "ARCHIVER=arm-none-eabi-ar" "COMPILER_FLAGS=  -O2 -c" "EXTRA_COMPILER_FLAGS=-mcpu=cortex-a9 -mfpu=vfpv3 -mfloat-abi=hard -nostartfiles -g -Wall -Wextra"
"Running Make include in ps7_cortexa9_0/libsrc/cpu_cortexa9_v2_7/src"
make -C ps7_cortexa9_0/libsrc/cpu_cortexa9_v2_7/src -s include  "SHELL=CMD" "COMPILER=arm-none-eabi-gcc" "ARCHIVER=arm-none-eabi-ar" "COMPILER_FLAGS=  -O2 -c" "EXTRA_COMPILER_FLAGS=-mcpu=cortex-a9 -mfpu=vfpv3 -mfloat-abi=hard -nostartfiles -g -Wall -Wextra"
"Running Make include in ps7_cortexa9_0/libsrc/ddrps_v1_0/src"
make -C ps7_cortexa9_0/libsrc/ddrps_v1_0/src -s include  "SHELL=CMD" "COMPILER=arm-none-eabi-gcc" "ARCHIVER=arm-none-eabi-ar" "COMPILER_FLAGS=  -O2 -c" "EXTRA_COMPILER_FLAGS=-mcpu=cortex-a9 -mfpu=vfpv3 -mfloat-abi=hard -nostartfiles -g -Wall -Wextra"
"Running Make include in ps7_cortexa9_0/libsrc/devcfg_v3_5/src"
make -C ps7_cortexa9_0/libsrc/devcfg_v3_5/src -s include  "SHELL=CMD" "COMPILER=arm-none-eabi-gcc" "ARCHIVER=arm-none-eabi-ar" "COMPILER_FLAGS=  -O2 -c" "EXTRA_COMPILER_FLAGS=-mcpu=cortex-a9 -mfpu=vfpv3 -mfloat-abi=hard -nostartfiles -g -Wall -Wextra"
"Running Make include in ps7_cortexa9_0/libsrc/dmaps_v2_4/src"
make -C ps7_cortexa9_0/libsrc/dmaps_v2_4/src -s include  "SHELL=CMD" "COMPILER=arm-none-eabi-gcc" "ARCHIVER=arm-none-eabi-ar" "COMPILER_FLAGS=  -O2 -c" "EXTRA_COMPILER_FLAGS=-mcpu=cortex-a9 -mfpu=vfpv3 -mfloat-abi=hard -nostartfiles -g -Wall -Wextra"
"Running Make include in ps7_cortexa9_0/libsrc/emacps_v3_8/src"
make -C ps7_cortexa9_0/libsrc/emacps_v3_8/src -s include  "SHELL=CMD" "COMPILER=arm-none-eabi-gcc" "ARCHIVER=arm-none-eabi-ar" "COMPILER_FLAGS=  -O2 -c" "EXTRA_COMPILER_FLAGS=-mcpu=cortex-a9 -mfpu=vfpv3 -mfloat-abi=hard -nostartfiles -g -Wall -Wextra"
"Running Make include in ps7_cortexa9_0/libsrc/gpiops_v3_4/src"
make -C ps7_cortexa9_0/libsrc/gpiops_v3_4/src -s include  "SHELL=CMD" "COMPILER=arm-none-eabi-gcc" "ARCHIVER=arm-none-eabi-ar" "COMPILER_FLAGS=  -O2 -c" "EXTRA_COMPILER_FLAGS=-mcpu=cortex-a9 -mfpu=vfpv3 -mfloat-abi=hard -nostartfiles -g -Wall -Wextra"
"Running Make include in ps7_cortexa9_0/libsrc/qspips_v3_5/src"
make -C ps7_cortexa9_0/libsrc/qspips_v3_5/src -s include  "SHELL=CMD" "COMPILER=arm-none-eabi-gcc" "ARCHIVER=arm-none-eabi-ar" "COMPILER_FLAGS=  -O2 -c" "EXTRA_COMPILER_FLAGS=-mcpu=cortex-a9 -mfpu=vfpv3 -mfloat-abi=hard -nostartfiles -g -Wall -Wextra"
"Running Make include in ps7_cortexa9_0/libsrc/scugic_v3_10/src"
make -C ps7_cortexa9_0/libsrc/scugic_v3_10/src -s include  "SHELL=CMD" "COMPILER=arm-none-eabi-gcc" "ARCHIVER=arm-none-eabi-ar" "COMPILER_FLAGS=  -O2 -c" "EXTRA_COMPILER_FLAGS=-mcpu=cortex-a9 -mfpu=vfpv3 -mfloat-abi=hard -nostartfiles -g -Wall -Wextra"
"Running Make include in ps7_cortexa9_0/libsrc/scutimer_v2_1/src"
make -C ps7_cortexa9_0/libsrc/scutimer_v2_1/src -s include  "SHELL=CMD" "COMPILER=arm-none-eabi-gcc" "ARCHIVER=arm-none-eabi-ar" "COMPILER_FLAGS=  -O2 -c" "EXTRA_COMPILER_FLAGS=-mcpu=cortex-a9 -mfpu=vfpv3 -mfloat-abi=hard -nostartfiles -g -Wall -Wextra"
"Running Make include in ps7_cortexa9_0/libsrc/scuwdt_v2_1/src"
make -C ps7_cortexa9_0/libsrc/scuwdt_v2_1/src -s include  "SHELL=CMD" "COMPILER=arm-none-eabi-gcc" "ARCHIVER=arm-none-eabi-ar" "COMPILER_FLAGS=  -O2 -c" "EXTRA_COMPILER_FLAGS=-mcpu=cortex-a9 -mfpu=vfpv3 -mfloat-abi=hard -nostartfiles -g -Wall -Wextra"
"Running Make include in ps7_cortexa9_0/libsrc/sdps_v3_6/src"
make -C ps7_cortexa9_0/libsrc/sdps_v3_6/src -s include  "SHELL=CMD" "COMPILER=arm-none-eabi-gcc" "ARCHIVER=arm-none-eabi-ar" "COMPILER_FLAGS=  -O2 -c" "EXTRA_COMPILER_FLAGS=-mcpu=cortex-a9 -mfpu=vfpv3 -mfloat-abi=hard -nostartfiles -g -Wall -Wextra"
"Running Make include in ps7_cortexa9_0/libsrc/standalone_v6_8/src"
make -C ps7_cortexa9_0/libsrc/standalone_v6_8/src -s include  "SHELL=CMD" "COMPILER=arm-none-eabi-gcc" "ARCHIVER=arm-none-eabi-ar" "COMPILER_FLAGS=  -O2 -c" "EXTRA_COMPILER_FLAGS=-mcpu=cortex-a9 -mfpu=vfpv3 -mfloat-abi=hard -nostartfiles -g -Wall -Wextra"
"Running Make include in ps7_cortexa9_0/libsrc/uartps_v3_7/src"
make -C ps7_cortexa9_0/libsrc/uartps_v3_7/src -s include  "SHELL=CMD" "COMPILER=arm-none-eabi-gcc" "ARCHIVER=arm-none-eabi-ar" "COMPILER_FLAGS=  -O2 -c" "EXTRA_COMPILER_FLAGS=-mcpu=cortex-a9 -mfpu=vfpv3 -mfloat-abi=hard -nostartfiles -g -Wall -Wextra"
"Running Make include in ps7_cortexa9_0/libsrc/usbps_v2_4/src"
make -C ps7_cortexa9_0/libsrc/usbps_v2_4/src -s include  "SHELL=CMD" "COMPILER=arm-none-eabi-gcc" "ARCHIVER=arm-none-eabi-ar" "COMPILER_FLAGS=  -O2 -c" "EXTRA_COMPILER_FLAGS=-mcpu=cortex-a9 -mfpu=vfpv3 -mfloat-abi=hard -nostartfiles -g -Wall -Wextra"
"Running Make include in ps7_cortexa9_0/libsrc/xadcps_v2_3/src"
make -C ps7_cortexa9_0/libsrc/xadcps_v2_3/src -s include  "SHELL=CMD" "COMPILER=arm-none-eabi-gcc" "ARCHIVER=arm-none-eabi-ar" "COMPILER_FLAGS=  -O2 -c" "EXTRA_COMPILER_FLAGS=-mcpu=cortex-a9 -mfpu=vfpv3 -mfloat-abi=hard -nostartfiles -g -Wall -Wextra"
"Running Make libs in ps7_cortexa9_0/libsrc/bram_v4_2/src"
make -C ps7_cortexa9_0/libsrc/bram_v4_2/src -s libs  "SHELL=CMD" "COMPILER=arm-none-eabi-gcc" "ARCHIVER=arm-none-eabi-ar" "COMPILER_FLAGS=  -O2 -c" "EXTRA_COMPILER_FLAGS=-mcpu=cortex-a9 -mfpu=vfpv3 -mfloat-abi=hard -nostartfiles -g -Wall -Wextra"
"Compiling bram"
arm-none-eabi-ar: creating ../../../lib/libxil.a
"Running Make libs in ps7_cortexa9_0/libsrc/coresightps_dcc_v1_4/src"
make -C ps7_cortexa9_0/libsrc/coresightps_dcc_v1_4/src -s libs  "SHELL=CMD" "COMPILER=arm-none-eabi-gcc" "ARCHIVER=arm-none-eabi-ar" "COMPILER_FLAGS=  -O2 -c" "EXTRA_COMPILER_FLAGS=-mcpu=cortex-a9 -mfpu=vfpv3 -mfloat-abi=hard -nostartfiles -g -Wall -Wextra"
"Compiling coresightps_dcc"
"Running Make libs in ps7_cortexa9_0/libsrc/cpu_cortexa9_v2_7/src"
make -C ps7_cortexa9_0/libsrc/cpu_cortexa9_v2_7/src -s libs  "SHELL=CMD" "COMPILER=arm-none-eabi-gcc" "ARCHIVER=arm-none-eabi-ar" "COMPILER_FLAGS=  -O2 -c" "EXTRA_COMPILER_FLAGS=-mcpu=cortex-a9 -mfpu=vfpv3 -mfloat-abi=hard -nostartfiles -g -Wall -Wextra"
"Compiling cpu_cortexa9"
"Running Make libs in ps7_cortexa9_0/libsrc/ddrps_v1_0/src"
make -C ps7_cortexa9_0/libsrc/ddrps_v1_0/src -s libs  "SHELL=CMD" "COMPILER=arm-none-eabi-gcc" "ARCHIVER=arm-none-eabi-ar" "COMPILER_FLAGS=  -O2 -c" "EXTRA_COMPILER_FLAGS=-mcpu=cortex-a9 -mfpu=vfpv3 -mfloat-abi=hard -nostartfiles -g -Wall -Wextra"
"Compiling ddrps"
"Running Make libs in ps7_cortexa9_0/libsrc/devcfg_v3_5/src"
make -C ps7_cortexa9_0/libsrc/devcfg_v3_5/src -s libs  "SHELL=CMD" "COMPILER=arm-none-eabi-gcc" "ARCHIVER=arm-none-eabi-ar" "COMPILER_FLAGS=  -O2 -c" "EXTRA_COMPILER_FLAGS=-mcpu=cortex-a9 -mfpu=vfpv3 -mfloat-abi=hard -nostartfiles -g -Wall -Wextra"
"Compiling devcfg"
"Running Make libs in ps7_cortexa9_0/libsrc/dmaps_v2_4/src"
make -C ps7_cortexa9_0/libsrc/dmaps_v2_4/src -s libs  "SHELL=CMD" "COMPILER=arm-none-eabi-gcc" "ARCHIVER=arm-none-eabi-ar" "COMPILER_FLAGS=  -O2 -c" "EXTRA_COMPILER_FLAGS=-mcpu=cortex-a9 -mfpu=vfpv3 -mfloat-abi=hard -nostartfiles -g -Wall -Wextra"
"Compiling dmaps"
"Running Make libs in ps7_cortexa9_0/libsrc/emacps_v3_8/src"
make -C ps7_cortexa9_0/libsrc/emacps_v3_8/src -s libs  "SHELL=CMD" "COMPILER=arm-none-eabi-gcc" "ARCHIVER=arm-none-eabi-ar" "COMPILER_FLAGS=  -O2 -c" "EXTRA_COMPILER_FLAGS=-mcpu=cortex-a9 -mfpu=vfpv3 -mfloat-abi=hard -nostartfiles -g -Wall -Wextra"
"Compiling emacps"
"Running Make libs in ps7_cortexa9_0/libsrc/gpiops_v3_4/src"
make -C ps7_cortexa9_0/libsrc/gpiops_v3_4/src -s libs  "SHELL=CMD" "COMPILER=arm-none-eabi-gcc" "ARCHIVER=arm-none-eabi-ar" "COMPILER_FLAGS=  -O2 -c" "EXTRA_COMPILER_FLAGS=-mcpu=cortex-a9 -mfpu=vfpv3 -mfloat-abi=hard -nostartfiles -g -Wall -Wextra"
"Compiling gpiops"
"Running Make libs in ps7_cortexa9_0/libsrc/qspips_v3_5/src"
make -C ps7_cortexa9_0/libsrc/qspips_v3_5/src -s libs  "SHELL=CMD" "COMPILER=arm-none-eabi-gcc" "ARCHIVER=arm-none-eabi-ar" "COMPILER_FLAGS=  -O2 -c" "EXTRA_COMPILER_FLAGS=-mcpu=cortex-a9 -mfpu=vfpv3 -mfloat-abi=hard -nostartfiles -g -Wall -Wextra"
"Compiling qspips"
"Running Make libs in ps7_cortexa9_0/libsrc/scugic_v3_10/src"
make -C ps7_cortexa9_0/libsrc/scugic_v3_10/src -s libs  "SHELL=CMD" "COMPILER=arm-none-eabi-gcc" "ARCHIVER=arm-none-eabi-ar" "COMPILER_FLAGS=  -O2 -c" "EXTRA_COMPILER_FLAGS=-mcpu=cortex-a9 -mfpu=vfpv3 -mfloat-abi=hard -nostartfiles -g -Wall -Wextra"
"Compiling scugic"
"Running Make libs in ps7_cortexa9_0/libsrc/scutimer_v2_1/src"
make -C ps7_cortexa9_0/libsrc/scutimer_v2_1/src -s libs  "SHELL=CMD" "COMPILER=arm-none-eabi-gcc" "ARCHIVER=arm-none-eabi-ar" "COMPILER_FLAGS=  -O2 -c" "EXTRA_COMPILER_FLAGS=-mcpu=cortex-a9 -mfpu=vfpv3 -mfloat-abi=hard -nostartfiles -g -Wall -Wextra"
"Compiling scutimer"
"Running Make libs in ps7_cortexa9_0/libsrc/scuwdt_v2_1/src"
make -C ps7_cortexa9_0/libsrc/scuwdt_v2_1/src -s libs  "SHELL=CMD" "COMPILER=arm-none-eabi-gcc" "ARCHIVER=arm-none-eabi-ar" "COMPILER_FLAGS=  -O2 -c" "EXTRA_COMPILER_FLAGS=-mcpu=cortex-a9 -mfpu=vfpv3 -mfloat-abi=hard -nostartfiles -g -Wall -Wextra"
"Compiling scuwdt"
"Running Make libs in ps7_cortexa9_0/libsrc/sdps_v3_6/src"
make -C ps7_cortexa9_0/libsrc/sdps_v3_6/src -s libs  "SHELL=CMD" "COMPILER=arm-none-eabi-gcc" "ARCHIVER=arm-none-eabi-ar" "COMPILER_FLAGS=  -O2 -c" "EXTRA_COMPILER_FLAGS=-mcpu=cortex-a9 -mfpu=vfpv3 -mfloat-abi=hard -nostartfiles -g -Wall -Wextra"
"Compiling sdps"
"Running Make libs in ps7_cortexa9_0/libsrc/standalone_v6_8/src"
make -C ps7_cortexa9_0/libsrc/standalone_v6_8/src -s libs  "SHELL=CMD" "COMPILER=arm-none-eabi-gcc" "ARCHIVER=arm-none-eabi-ar" "COMPILER_FLAGS=  -O2 -c" "EXTRA_COMPILER_FLAGS=-mcpu=cortex-a9 -mfpu=vfpv3 -mfloat-abi=hard -nostartfiles -g -Wall -Wextra"
"Compiling standalone"
In file included from usleep.c:56:0:
xtime_l.h:87:9: note: #pragma message: For the sleep routines, Global timer is being used
 #pragma message ("For the sleep routines, Global timer is being used")
         ^~~~~~~
In file included from xil_sleeptimer.c:51:0:
xtime_l.h:87:9: note: #pragma message: For the sleep routines, Global timer is being used
 #pragma message ("For the sleep routines, Global timer is being used")
         ^~~~~~~
In file included from xtime_l.c:49:0:
xtime_l.h:87:9: note: #pragma message: For the sleep routines, Global timer is being used
 #pragma message ("For the sleep routines, Global timer is being used")
         ^~~~~~~
In file included from sleep.c:53:0:
xtime_l.h:87:9: note: #pragma message: For the sleep routines, Global timer is being used
 #pragma message ("For the sleep routines, Global timer is being used")
         ^~~~~~~
"Running Make libs in ps7_cortexa9_0/libsrc/uartps_v3_7/src"
make -C ps7_cortexa9_0/libsrc/uartps_v3_7/src -s libs  "SHELL=CMD" "COMPILER=arm-none-eabi-gcc" "ARCHIVER=arm-none-eabi-ar" "COMPILER_FLAGS=  -O2 -c" "EXTRA_COMPILER_FLAGS=-mcpu=cortex-a9 -mfpu=vfpv3 -mfloat-abi=hard -nostartfiles -g -Wall -Wextra"
"Compiling uartps"
"Running Make libs in ps7_cortexa9_0/libsrc/usbps_v2_4/src"
make -C ps7_cortexa9_0/libsrc/usbps_v2_4/src -s libs  "SHELL=CMD" "COMPILER=arm-none-eabi-gcc" "ARCHIVER=arm-none-eabi-ar" "COMPILER_FLAGS=  -O2 -c" "EXTRA_COMPILER_FLAGS=-mcpu=cortex-a9 -mfpu=vfpv3 -mfloat-abi=hard -nostartfiles -g -Wall -Wextra"
"Compiling usbps"
"Running Make libs in ps7_cortexa9_0/libsrc/xadcps_v2_3/src"
make -C ps7_cortexa9_0/libsrc/xadcps_v2_3/src -s libs  "SHELL=CMD" "COMPILER=arm-none-eabi-gcc" "ARCHIVER=arm-none-eabi-ar" "COMPILER_FLAGS=  -O2 -c" "EXTRA_COMPILER_FLAGS=-mcpu=cortex-a9 -mfpu=vfpv3 -mfloat-abi=hard -nostartfiles -g -Wall -Wextra"
"Compiling xadcps"
'Finished building libraries'

**** Build of configuration Debug for project test10 ****

Nothing to build for project test10
23:49:36 **** Auto Build of configuration Debug for project test10 ****
make pre-build main-build 
a9-linaro-pre-build-step
' '
'Building file: ../src/main.c'
'Invoking: ARM v7 gcc compiler'
arm-none-eabi-gcc -Wall -O0 -g3 -c -fmessage-length=0 -MT"src/main.o" -mcpu=cortex-a9 -mfpu=vfpv3 -mfloat-abi=hard -I../../test10_bsp/ps7_cortexa9_0/include -MMD -MP -MF"src/main.d" -MT"src/main.o" -o "src/main.o" "../src/main.c"
'Finished building: ../src/main.c'
' '
'Building target: test10.elf'
'Invoking: ARM v7 gcc linker'
arm-none-eabi-gcc -mcpu=cortex-a9 -mfpu=vfpv3 -mfloat-abi=hard -Wl,-build-id=none -specs=Xilinx.spec -Wl,-T -Wl,../src/lscript.ld -L../../test10_bsp/ps7_cortexa9_0/lib -o "test10.elf"  ./src/main.o   -Wl,--start-group,-lxil,-lgcc,-lc,--end-group
../../test10_bsp/ps7_cortexa9_0/lib\libxil.a(xil-crt0.o): In function `_start':
D:\Vivado\project\project_8\project_8.sdk\test10_bsp\ps7_cortexa9_0\libsrc\standalone_v6_8\src/xil-crt0.S:138: undefined reference to `main'
collect2.exe: error: ld returned 1 exit status
make: *** [makefile:41: test10.elf] Error 1
23:49:42 **** Auto Build of configuration Debug for project test10 ****
make pre-build main-build 
a9-linaro-pre-build-step
' '
'Building file: ../src/main.c'
'Invoking: ARM v7 gcc compiler'
arm-none-eabi-gcc -Wall -O0 -g3 -c -fmessage-length=0 -MT"src/main.o" -mcpu=cortex-a9 -mfpu=vfpv3 -mfloat-abi=hard -I../../test10_bsp/ps7_cortexa9_0/include -MMD -MP -MF"src/main.d" -MT"src/main.o" -o "src/main.o" "../src/main.c"
../src/main.c: In function 'main':
../src/main.c:27:13: warning: format '%d' expects argument of type 'int *', but argument 2 has type 'u32 * {aka long unsigned int *}' [-Wformat=]
     scanf("%d", &command);
            ~^   ~~~~~~~~
            %ld
../src/main.c:28:15: warning: format '%d' expects argument of type 'int', but argument 2 has type 'u32 {aka long unsigned int}' [-Wformat=]
     printf(" %d\r\n", command);
              ~^
              %ld
../src/main.c:98:13: warning: format '%d' expects argument of type 'int *', but argument 2 has type 'u32 * {aka long unsigned int *}' [-Wformat=]
     scanf("%d", &command);
            ~^   ~~~~~~~~
            %ld
../src/main.c:99:15: warning: format '%d' expects argument of type 'int', but argument 2 has type 'u32 {aka long unsigned int}' [-Wformat=]
     printf(" %d\r\n", command);
              ~^
              %ld
../src/main.c:123:20: warning: format '%d' expects argument of type 'int', but argument 2 has type 'u32 {aka long unsigned int}' [-Wformat=]
    printf("data = %d  i = %d\n", command, i);
                   ~^
                   %ld
../src/main.c:12:6: warning: unused variable 'data' [-Wunused-variable]
  u32 data;
      ^~~~
'Finished building: ../src/main.c'
' '
'Building target: test10.elf'
'Invoking: ARM v7 gcc linker'
arm-none-eabi-gcc -mcpu=cortex-a9 -mfpu=vfpv3 -mfloat-abi=hard -Wl,-build-id=none -specs=Xilinx.spec -Wl,-T -Wl,../src/lscript.ld -L../../test10_bsp/ps7_cortexa9_0/lib -o "test10.elf"  ./src/main.o   -Wl,--start-group,-lxil,-lgcc,-lc,--end-group
'Finished building target: test10.elf'
' '
'Invoking: ARM v7 Print Size'
arm-none-eabi-size test10.elf  |tee "test10.elf.size"
   text	   data	    bss	    dec	    hex	filename
 122368	   2580	  23328	 148276	  24334	test10.elf
'Finished building: test10.elf.size'
' '
23:53:04 **** Incremental Build of configuration Debug for project test10 ****
make pre-build main-build 
a9-linaro-pre-build-step
' '
make: Nothing to be done for 'main-build'.
23:55:20 **** Incremental Build of configuration Debug for project test10 ****
make pre-build main-build 
a9-linaro-pre-build-step
' '
make: Nothing to be done for 'main-build'.
23:55:59 **** Incremental Build of configuration Debug for project test10 ****
make pre-build main-build 
a9-linaro-pre-build-step
' '
make: Nothing to be done for 'main-build'.
23:57:19 **** Incremental Build of configuration Debug for project test10 ****
make pre-build main-build 
a9-linaro-pre-build-step
' '
make: Nothing to be done for 'main-build'.
23:59:18 **** Incremental Build of configuration Debug for project test10 ****
make pre-build main-build 
a9-linaro-pre-build-step
' '
make: Nothing to be done for 'main-build'.
00:00:08 **** Incremental Build of configuration Debug for project test10 ****
make pre-build main-build 
a9-linaro-pre-build-step
' '
make: Nothing to be done for 'main-build'.
00:07:13 **** Incremental Build of configuration Debug for project test10 ****
make pre-build main-build 
a9-linaro-pre-build-step
' '
make: Nothing to be done for 'main-build'.
00:09:19 **** Incremental Build of configuration Debug for project test10 ****
make pre-build main-build 
a9-linaro-pre-build-step
' '
make: Nothing to be done for 'main-build'.
00:10:36 **** Incremental Build of configuration Debug for project test10 ****
make pre-build main-build 
a9-linaro-pre-build-step
' '
make: Nothing to be done for 'main-build'.
00:15:20 **** Incremental Build of configuration Debug for project test10 ****
make pre-build main-build 
a9-linaro-pre-build-step
' '
make: Nothing to be done for 'main-build'.
00:23:40 **** Incremental Build of configuration Debug for project test10 ****
make pre-build main-build 
a9-linaro-pre-build-step
' '
'Building file: ../src/main.c'
'Invoking: ARM v7 gcc compiler'
arm-none-eabi-gcc -Wall -O0 -g3 -c -fmessage-length=0 -MT"src/main.o" -mcpu=cortex-a9 -mfpu=vfpv3 -mfloat-abi=hard -I../../test10_bsp/ps7_cortexa9_0/include -MMD -MP -MF"src/main.d" -MT"src/main.o" -o "src/main.o" "../src/main.c"
../src/main.c: In function 'main':
../src/main.c:28:13: warning: format '%d' expects argument of type 'int *', but argument 2 has type 'u32 * {aka long unsigned int *}' [-Wformat=]
     scanf("%d", &command);
            ~^   ~~~~~~~~
            %ld
../src/main.c:29:15: warning: format '%d' expects argument of type 'int', but argument 2 has type 'u32 {aka long unsigned int}' [-Wformat=]
     printf(" %d\r\n", command);
              ~^
              %ld
../src/main.c:99:13: warning: format '%d' expects argument of type 'int *', but argument 2 has type 'u32 * {aka long unsigned int *}' [-Wformat=]
     scanf("%d", &command);
            ~^   ~~~~~~~~
            %ld
../src/main.c:100:15: warning: format '%d' expects argument of type 'int', but argument 2 has type 'u32 {aka long unsigned int}' [-Wformat=]
     printf(" %d\r\n", command);
              ~^
              %ld
../src/main.c:124:20: warning: format '%d' expects argument of type 'int', but argument 2 has type 'u32 {aka long unsigned int}' [-Wformat=]
    printf("data = %d  i = %d\n", command, i);
                   ~^
                   %ld
../src/main.c:12:6: warning: unused variable 'data' [-Wunused-variable]
  u32 data;
      ^~~~
'Finished building: ../src/main.c'
' '
'Building target: test10.elf'
'Invoking: ARM v7 gcc linker'
arm-none-eabi-gcc -mcpu=cortex-a9 -mfpu=vfpv3 -mfloat-abi=hard -Wl,-build-id=none -specs=Xilinx.spec -Wl,-T -Wl,../src/lscript.ld -L../../test10_bsp/ps7_cortexa9_0/lib -o "test10.elf"  ./src/main.o   -Wl,--start-group,-lxil,-lgcc,-lc,--end-group
'Finished building target: test10.elf'
' '
'Invoking: ARM v7 Print Size'
arm-none-eabi-size test10.elf  |tee "test10.elf.size"
   text	   data	    bss	    dec	    hex	filename
 122368	   2580	  23328	 148276	  24334	test10.elf
'Finished building: test10.elf.size'
' '
00:33:25 **** Auto Build of configuration Debug for project test10 ****
make pre-build main-build 
a9-linaro-pre-build-step
' '
'Building file: ../src/main.c'
'Invoking: ARM v7 gcc compiler'
arm-none-eabi-gcc -Wall -O0 -g3 -c -fmessage-length=0 -MT"src/main.o" -mcpu=cortex-a9 -mfpu=vfpv3 -mfloat-abi=hard -I../../test10_bsp/ps7_cortexa9_0/include -MMD -MP -MF"src/main.d" -MT"src/main.o" -o "src/main.o" "../src/main.c"
../src/main.c: In function 'main':
../src/main.c:28:13: warning: format '%d' expects argument of type 'int *', but argument 2 has type 'u32 * {aka long unsigned int *}' [-Wformat=]
     scanf("%d", &command);
            ~^   ~~~~~~~~
            %ld
../src/main.c:29:15: warning: format '%d' expects argument of type 'int', but argument 2 has type 'u32 {aka long unsigned int}' [-Wformat=]
     printf(" %d\r\n", command);
              ~^
              %ld
../src/main.c:101:13: warning: format '%d' expects argument of type 'int *', but argument 2 has type 'u32 * {aka long unsigned int *}' [-Wformat=]
     scanf("%d", &command);
            ~^   ~~~~~~~~
            %ld
../src/main.c:102:15: warning: format '%d' expects argument of type 'int', but argument 2 has type 'u32 {aka long unsigned int}' [-Wformat=]
     printf(" %d\r\n", command);
              ~^
              %ld
../src/main.c:128:20: warning: format '%d' expects argument of type 'int', but argument 2 has type 'u32 {aka long unsigned int}' [-Wformat=]
    printf("data = %d  i = %d\n", command, i);
                   ~^
                   %ld
../src/main.c:12:6: warning: unused variable 'data' [-Wunused-variable]
  u32 data;
      ^~~~
'Finished building: ../src/main.c'
' '
'Building target: test10.elf'
'Invoking: ARM v7 gcc linker'
arm-none-eabi-gcc -mcpu=cortex-a9 -mfpu=vfpv3 -mfloat-abi=hard -Wl,-build-id=none -specs=Xilinx.spec -Wl,-T -Wl,../src/lscript.ld -L../../test10_bsp/ps7_cortexa9_0/lib -o "test10.elf"  ./src/main.o   -Wl,--start-group,-lxil,-lgcc,-lc,--end-group
'Finished building target: test10.elf'
' '
'Invoking: ARM v7 Print Size'
arm-none-eabi-size test10.elf  |tee "test10.elf.size"
   text	   data	    bss	    dec	    hex	filename
 122368	   2580	  23328	 148276	  24334	test10.elf
'Finished building: test10.elf.size'
' '
00:34:51 **** Incremental Build of configuration Debug for project test10 ****
make pre-build main-build 
a9-linaro-pre-build-step
' '
make: Nothing to be done for 'main-build'.
00:37:07 **** Incremental Build of configuration Debug for project test10 ****
make pre-build main-build 
a9-linaro-pre-build-step
' '
make: Nothing to be done for 'main-build'.
00:39:51 **** Auto Build of configuration Debug for project test10 ****
make pre-build main-build 
a9-linaro-pre-build-step
' '
'Building file: ../src/main.c'
'Invoking: ARM v7 gcc compiler'
arm-none-eabi-gcc -Wall -O0 -g3 -c -fmessage-length=0 -MT"src/main.o" -mcpu=cortex-a9 -mfpu=vfpv3 -mfloat-abi=hard -I../../test10_bsp/ps7_cortexa9_0/include -MMD -MP -MF"src/main.d" -MT"src/main.o" -o "src/main.o" "../src/main.c"
../src/main.c: In function 'main':
../src/main.c:28:13: warning: format '%d' expects argument of type 'int *', but argument 2 has type 'u32 * {aka long unsigned int *}' [-Wformat=]
     scanf("%d", &command);
            ~^   ~~~~~~~~
            %ld
../src/main.c:29:15: warning: format '%d' expects argument of type 'int', but argument 2 has type 'u32 {aka long unsigned int}' [-Wformat=]
     printf(" %d\r\n", command);
              ~^
              %ld
../src/main.c:101:13: warning: format '%d' expects argument of type 'int *', but argument 2 has type 'u32 * {aka long unsigned int *}' [-Wformat=]
     scanf("%d", &command);
            ~^   ~~~~~~~~
            %ld
../src/main.c:102:15: warning: format '%d' expects argument of type 'int', but argument 2 has type 'u32 {aka long unsigned int}' [-Wformat=]
     printf(" %d\r\n", command);
              ~^
              %ld
../src/main.c:128:20: warning: format '%d' expects argument of type 'int', but argument 2 has type 'u32 {aka long unsigned int}' [-Wformat=]
    printf("data = %d  i = %d\n", command, i);
                   ~^
                   %ld
../src/main.c:12:6: warning: unused variable 'data' [-Wunused-variable]
  u32 data;
      ^~~~
'Finished building: ../src/main.c'
' '
'Building target: test10.elf'
'Invoking: ARM v7 gcc linker'
arm-none-eabi-gcc -mcpu=cortex-a9 -mfpu=vfpv3 -mfloat-abi=hard -Wl,-build-id=none -specs=Xilinx.spec -Wl,-T -Wl,../src/lscript.ld -L../../test10_bsp/ps7_cortexa9_0/lib -o "test10.elf"  ./src/main.o   -Wl,--start-group,-lxil,-lgcc,-lc,--end-group
'Finished building target: test10.elf'
' '
'Invoking: ARM v7 Print Size'
arm-none-eabi-size test10.elf  |tee "test10.elf.size"
   text	   data	    bss	    dec	    hex	filename
 122368	   2580	  23328	 148276	  24334	test10.elf
'Finished building: test10.elf.size'
' '
00:39:56 **** Incremental Build of configuration Debug for project test10 ****
make pre-build main-build 
a9-linaro-pre-build-step
' '
make: Nothing to be done for 'main-build'.
00:41:22 **** Auto Build of configuration Debug for project test10 ****
make pre-build main-build 
a9-linaro-pre-build-step
' '
'Building file: ../src/main.c'
'Invoking: ARM v7 gcc compiler'
arm-none-eabi-gcc -Wall -O0 -g3 -c -fmessage-length=0 -MT"src/main.o" -mcpu=cortex-a9 -mfpu=vfpv3 -mfloat-abi=hard -I../../test10_bsp/ps7_cortexa9_0/include -MMD -MP -MF"src/main.d" -MT"src/main.o" -o "src/main.o" "../src/main.c"
../src/main.c: In function 'main':
../src/main.c:28:13: warning: format '%d' expects argument of type 'int *', but argument 2 has type 'u32 * {aka long unsigned int *}' [-Wformat=]
     scanf("%d", &command);
            ~^   ~~~~~~~~
            %ld
../src/main.c:29:15: warning: format '%d' expects argument of type 'int', but argument 2 has type 'u32 {aka long unsigned int}' [-Wformat=]
     printf(" %d\r\n", command);
              ~^
              %ld
../src/main.c:101:13: warning: format '%d' expects argument of type 'int *', but argument 2 has type 'u32 * {aka long unsigned int *}' [-Wformat=]
     scanf("%d", &command);
            ~^   ~~~~~~~~
            %ld
../src/main.c:102:15: warning: format '%d' expects argument of type 'int', but argument 2 has type 'u32 {aka long unsigned int}' [-Wformat=]
     printf(" %d\r\n", command);
              ~^
              %ld
../src/main.c:128:20: warning: format '%d' expects argument of type 'int', but argument 2 has type 'u32 {aka long unsigned int}' [-Wformat=]
    printf("data = %d  i = %d\n", command, i);
                   ~^
                   %ld
../src/main.c:12:6: warning: unused variable 'data' [-Wunused-variable]
  u32 data;
      ^~~~
'Finished building: ../src/main.c'
' '
'Building target: test10.elf'
'Invoking: ARM v7 gcc linker'
arm-none-eabi-gcc -mcpu=cortex-a9 -mfpu=vfpv3 -mfloat-abi=hard -Wl,-build-id=none -specs=Xilinx.spec -Wl,-T -Wl,../src/lscript.ld -L../../test10_bsp/ps7_cortexa9_0/lib -o "test10.elf"  ./src/main.o   -Wl,--start-group,-lxil,-lgcc,-lc,--end-group
'Finished building target: test10.elf'
' '
'Invoking: ARM v7 Print Size'
arm-none-eabi-size test10.elf  |tee "test10.elf.size"
   text	   data	    bss	    dec	    hex	filename
 122368	   2580	  23328	 148276	  24334	test10.elf
'Finished building: test10.elf.size'
' '
00:41:27 **** Incremental Build of configuration Debug for project test10 ****
make pre-build main-build 
a9-linaro-pre-build-step
' '
make: Nothing to be done for 'main-build'.
00:42:31 **** Auto Build of configuration Debug for project test10 ****
make pre-build main-build 
a9-linaro-pre-build-step
' '
'Building file: ../src/main.c'
'Invoking: ARM v7 gcc compiler'
arm-none-eabi-gcc -Wall -O0 -g3 -c -fmessage-length=0 -MT"src/main.o" -mcpu=cortex-a9 -mfpu=vfpv3 -mfloat-abi=hard -I../../test10_bsp/ps7_cortexa9_0/include -MMD -MP -MF"src/main.d" -MT"src/main.o" -o "src/main.o" "../src/main.c"
../src/main.c: In function 'main':
../src/main.c:28:13: warning: format '%d' expects argument of type 'int *', but argument 2 has type 'u32 * {aka long unsigned int *}' [-Wformat=]
     scanf("%d", &command);
            ~^   ~~~~~~~~
            %ld
../src/main.c:29:15: warning: format '%d' expects argument of type 'int', but argument 2 has type 'u32 {aka long unsigned int}' [-Wformat=]
     printf(" %d\r\n", command);
              ~^
              %ld
../src/main.c:101:13: warning: format '%d' expects argument of type 'int *', but argument 2 has type 'u32 * {aka long unsigned int *}' [-Wformat=]
     scanf("%d", &command);
            ~^   ~~~~~~~~
            %ld
../src/main.c:102:15: warning: format '%d' expects argument of type 'int', but argument 2 has type 'u32 {aka long unsigned int}' [-Wformat=]
     printf(" %d\r\n", command);
              ~^
              %ld
../src/main.c:128:20: warning: format '%d' expects argument of type 'int', but argument 2 has type 'u32 {aka long unsigned int}' [-Wformat=]
    printf("data = %d  i = %d\n", command, i);
                   ~^
                   %ld
../src/main.c:12:6: warning: unused variable 'data' [-Wunused-variable]
  u32 data;
      ^~~~
'Finished building: ../src/main.c'
' '
'Building target: test10.elf'
'Invoking: ARM v7 gcc linker'
arm-none-eabi-gcc -mcpu=cortex-a9 -mfpu=vfpv3 -mfloat-abi=hard -Wl,-build-id=none -specs=Xilinx.spec -Wl,-T -Wl,../src/lscript.ld -L../../test10_bsp/ps7_cortexa9_0/lib -o "test10.elf"  ./src/main.o   -Wl,--start-group,-lxil,-lgcc,-lc,--end-group
'Finished building target: test10.elf'
' '
'Invoking: ARM v7 Print Size'
arm-none-eabi-size test10.elf  |tee "test10.elf.size"
   text	   data	    bss	    dec	    hex	filename
 122368	   2580	  23328	 148276	  24334	test10.elf
'Finished building: test10.elf.size'
' '
00:42:37 **** Incremental Build of configuration Debug for project test10 ****
make pre-build main-build 
a9-linaro-pre-build-step
' '
make: Nothing to be done for 'main-build'.
00:47:00 **** Incremental Build of configuration Debug for project test10 ****
make pre-build main-build 
a9-linaro-pre-build-step
' '
make: Nothing to be done for 'main-build'.
00:48:30 **** Incremental Build of configuration Debug for project test10 ****
make pre-build main-build 
a9-linaro-pre-build-step
' '
make: Nothing to be done for 'main-build'.
00:51:29 **** Incremental Build of configuration Debug for project test10 ****
make pre-build main-build 
a9-linaro-pre-build-step
' '
make: Nothing to be done for 'main-build'.
01:00:22 **** Auto Build of configuration Debug for project test10 ****
make pre-build main-build 
a9-linaro-pre-build-step
' '
'Building file: ../src/main.c'
'Invoking: ARM v7 gcc compiler'
arm-none-eabi-gcc -Wall -O0 -g3 -c -fmessage-length=0 -MT"src/main.o" -mcpu=cortex-a9 -mfpu=vfpv3 -mfloat-abi=hard -I../../test10_bsp/ps7_cortexa9_0/include -MMD -MP -MF"src/main.d" -MT"src/main.o" -o "src/main.o" "../src/main.c"
../src/main.c: In function 'main':
../src/main.c:28:13: warning: format '%d' expects argument of type 'int *', but argument 2 has type 'u32 * {aka long unsigned int *}' [-Wformat=]
     scanf("%d", &command);
            ~^   ~~~~~~~~
            %ld
../src/main.c:29:15: warning: format '%d' expects argument of type 'int', but argument 2 has type 'u32 {aka long unsigned int}' [-Wformat=]
     printf(" %d\r\n", command);
              ~^
              %ld
../src/main.c:101:13: warning: format '%d' expects argument of type 'int *', but argument 2 has type 'u32 * {aka long unsigned int *}' [-Wformat=]
     scanf("%d", &command);
            ~^   ~~~~~~~~
            %ld
../src/main.c:102:15: warning: format '%d' expects argument of type 'int', but argument 2 has type 'u32 {aka long unsigned int}' [-Wformat=]
     printf(" %d\r\n", command);
              ~^
              %ld
../src/main.c:128:20: warning: format '%d' expects argument of type 'int', but argument 2 has type 'u32 {aka long unsigned int}' [-Wformat=]
    printf("data = %d  i = %d\n", command, i);
                   ~^
                   %ld
../src/main.c:12:6: warning: unused variable 'data' [-Wunused-variable]
  u32 data;
      ^~~~
'Finished building: ../src/main.c'
' '
'Building target: test10.elf'
'Invoking: ARM v7 gcc linker'
arm-none-eabi-gcc -mcpu=cortex-a9 -mfpu=vfpv3 -mfloat-abi=hard -Wl,-build-id=none -specs=Xilinx.spec -Wl,-T -Wl,../src/lscript.ld -L../../test10_bsp/ps7_cortexa9_0/lib -o "test10.elf"  ./src/main.o   -Wl,--start-group,-lxil,-lgcc,-lc,--end-group
'Finished building target: test10.elf'
' '
'Invoking: ARM v7 Print Size'
arm-none-eabi-size test10.elf  |tee "test10.elf.size"
   text	   data	    bss	    dec	    hex	filename
 122368	   2580	  23328	 148276	  24334	test10.elf
'Finished building: test10.elf.size'
' '
01:00:29 **** Incremental Build of configuration Debug for project test10 ****
make pre-build main-build 
a9-linaro-pre-build-step
' '
make: Nothing to be done for 'main-build'.
01:04:20 **** Incremental Build of configuration Debug for project test10 ****
make pre-build main-build 
a9-linaro-pre-build-step
' '
make: Nothing to be done for 'main-build'.
01:05:33 **** Auto Build of configuration Debug for project test10 ****
make pre-build main-build 
a9-linaro-pre-build-step
' '
'Building file: ../src/main.c'
'Invoking: ARM v7 gcc compiler'
arm-none-eabi-gcc -Wall -O0 -g3 -c -fmessage-length=0 -MT"src/main.o" -mcpu=cortex-a9 -mfpu=vfpv3 -mfloat-abi=hard -I../../test10_bsp/ps7_cortexa9_0/include -MMD -MP -MF"src/main.d" -MT"src/main.o" -o "src/main.o" "../src/main.c"
../src/main.c: In function 'main':
../src/main.c:27:13: warning: format '%d' expects argument of type 'int *', but argument 2 has type 'u32 * {aka long unsigned int *}' [-Wformat=]
     scanf("%d", &command);
            ~^   ~~~~~~~~
            %ld
../src/main.c:28:15: warning: format '%d' expects argument of type 'int', but argument 2 has type 'u32 {aka long unsigned int}' [-Wformat=]
     printf(" %d\r\n", command);
              ~^
              %ld
../src/main.c:100:13: warning: format '%d' expects argument of type 'int *', but argument 2 has type 'u32 * {aka long unsigned int *}' [-Wformat=]
     scanf("%d", &command);
            ~^   ~~~~~~~~
            %ld
../src/main.c:101:15: warning: format '%d' expects argument of type 'int', but argument 2 has type 'u32 {aka long unsigned int}' [-Wformat=]
     printf(" %d\r\n", command);
              ~^
              %ld
../src/main.c:127:20: warning: format '%d' expects argument of type 'int', but argument 2 has type 'u32 {aka long unsigned int}' [-Wformat=]
    printf("data = %d  i = %d\n", command, i);
                   ~^
                   %ld
../src/main.c:12:6: warning: unused variable 'data' [-Wunused-variable]
  u32 data;
      ^~~~
'Finished building: ../src/main.c'
' '
'Building target: test10.elf'
'Invoking: ARM v7 gcc linker'
arm-none-eabi-gcc -mcpu=cortex-a9 -mfpu=vfpv3 -mfloat-abi=hard -Wl,-build-id=none -specs=Xilinx.spec -Wl,-T -Wl,../src/lscript.ld -L../../test10_bsp/ps7_cortexa9_0/lib -o "test10.elf"  ./src/main.o   -Wl,--start-group,-lxil,-lgcc,-lc,--end-group
'Finished building target: test10.elf'
' '
'Invoking: ARM v7 Print Size'
arm-none-eabi-size test10.elf  |tee "test10.elf.size"
   text	   data	    bss	    dec	    hex	filename
 122368	   2580	  23328	 148276	  24334	test10.elf
'Finished building: test10.elf.size'
' '
01:07:39 **** Auto Build of configuration Debug for project test10 ****
make pre-build main-build 
a9-linaro-pre-build-step
' '
'Building file: ../src/main.c'
'Invoking: ARM v7 gcc compiler'
arm-none-eabi-gcc -Wall -O0 -g3 -c -fmessage-length=0 -MT"src/main.o" -mcpu=cortex-a9 -mfpu=vfpv3 -mfloat-abi=hard -I../../test10_bsp/ps7_cortexa9_0/include -MMD -MP -MF"src/main.d" -MT"src/main.o" -o "src/main.o" "../src/main.c"
../src/main.c: In function 'main':
../src/main.c:27:13: warning: format '%d' expects argument of type 'int *', but argument 2 has type 'u32 * {aka long unsigned int *}' [-Wformat=]
     scanf("%d", &command);
            ~^   ~~~~~~~~
            %ld
../src/main.c:28:15: warning: format '%d' expects argument of type 'int', but argument 2 has type 'u32 {aka long unsigned int}' [-Wformat=]
     printf(" %d\r\n", command);
              ~^
              %ld
../src/main.c:100:13: warning: format '%d' expects argument of type 'int *', but argument 2 has type 'u32 * {aka long unsigned int *}' [-Wformat=]
     scanf("%d", &command);
            ~^   ~~~~~~~~
            %ld
../src/main.c:101:15: warning: format '%d' expects argument of type 'int', but argument 2 has type 'u32 {aka long unsigned int}' [-Wformat=]
     printf(" %d\r\n", command);
              ~^
              %ld
../src/main.c:127:20: warning: format '%d' expects argument of type 'int', but argument 2 has type 'u32 {aka long unsigned int}' [-Wformat=]
    printf("data = %d  i = %d\n", command, i);
                   ~^
                   %ld
../src/main.c:12:6: warning: unused variable 'data' [-Wunused-variable]
  u32 data;
      ^~~~
'Finished building: ../src/main.c'
' '
'Building target: test10.elf'
'Invoking: ARM v7 gcc linker'
arm-none-eabi-gcc -mcpu=cortex-a9 -mfpu=vfpv3 -mfloat-abi=hard -Wl,-build-id=none -specs=Xilinx.spec -Wl,-T -Wl,../src/lscript.ld -L../../test10_bsp/ps7_cortexa9_0/lib -o "test10.elf"  ./src/main.o   -Wl,--start-group,-lxil,-lgcc,-lc,--end-group
'Finished building target: test10.elf'
' '
'Invoking: ARM v7 Print Size'
arm-none-eabi-size test10.elf  |tee "test10.elf.size"
   text	   data	    bss	    dec	    hex	filename
 122368	   2580	  23328	 148276	  24334	test10.elf
'Finished building: test10.elf.size'
' '
01:07:44 **** Incremental Build of configuration Debug for project test10 ****
make pre-build main-build 
a9-linaro-pre-build-step
' '
make: Nothing to be done for 'main-build'.
01:09:44 **** Incremental Build of configuration Debug for project test10 ****
make pre-build main-build 
a9-linaro-pre-build-step
' '
make: Nothing to be done for 'main-build'.
01:18:35 **** Auto Build of configuration Debug for project test10 ****
make pre-build main-build 
a9-linaro-pre-build-step
' '
'Building file: ../src/main.c'
'Invoking: ARM v7 gcc compiler'
arm-none-eabi-gcc -Wall -O0 -g3 -c -fmessage-length=0 -MT"src/main.o" -mcpu=cortex-a9 -mfpu=vfpv3 -mfloat-abi=hard -I../../test10_bsp/ps7_cortexa9_0/include -MMD -MP -MF"src/main.d" -MT"src/main.o" -o "src/main.o" "../src/main.c"
../src/main.c: In function 'main':
../src/main.c:27:13: warning: format '%d' expects argument of type 'int *', but argument 2 has type 'u32 * {aka long unsigned int *}' [-Wformat=]
     scanf("%d", &command);
            ~^   ~~~~~~~~
            %ld
../src/main.c:28:15: warning: format '%d' expects argument of type 'int', but argument 2 has type 'u32 {aka long unsigned int}' [-Wformat=]
     printf(" %d\r\n", command);
              ~^
              %ld
../src/main.c:113:20: warning: format '%d' expects argument of type 'int', but argument 2 has type 'u32 {aka long unsigned int}' [-Wformat=]
    printf("data = %d  i = %d\n", command, i);
                   ~^
                   %ld
../src/main.c:12:6: warning: unused variable 'data' [-Wunused-variable]
  u32 data;
      ^~~~
'Finished building: ../src/main.c'
' '
'Building target: test10.elf'
'Invoking: ARM v7 gcc linker'
arm-none-eabi-gcc -mcpu=cortex-a9 -mfpu=vfpv3 -mfloat-abi=hard -Wl,-build-id=none -specs=Xilinx.spec -Wl,-T -Wl,../src/lscript.ld -L../../test10_bsp/ps7_cortexa9_0/lib -o "test10.elf"  ./src/main.o   -Wl,--start-group,-lxil,-lgcc,-lc,--end-group
'Finished building target: test10.elf'
' '
'Invoking: ARM v7 Print Size'
arm-none-eabi-size test10.elf  |tee "test10.elf.size"
   text	   data	    bss	    dec	    hex	filename
 122208	   2580	  23328	 148116	  24294	test10.elf
'Finished building: test10.elf.size'
' '
01:18:40 **** Incremental Build of configuration Debug for project test10 ****
make pre-build main-build 
a9-linaro-pre-build-step
' '
make: Nothing to be done for 'main-build'.
01:19:26 **** Auto Build of configuration Debug for project test10 ****
make pre-build main-build 
a9-linaro-pre-build-step
' '
'Building file: ../src/main.c'
'Invoking: ARM v7 gcc compiler'
arm-none-eabi-gcc -Wall -O0 -g3 -c -fmessage-length=0 -MT"src/main.o" -mcpu=cortex-a9 -mfpu=vfpv3 -mfloat-abi=hard -I../../test10_bsp/ps7_cortexa9_0/include -MMD -MP -MF"src/main.d" -MT"src/main.o" -o "src/main.o" "../src/main.c"
../src/main.c: In function 'main':
../src/main.c:27:13: warning: format '%d' expects argument of type 'int *', but argument 2 has type 'u32 * {aka long unsigned int *}' [-Wformat=]
     scanf("%d", &command);
            ~^   ~~~~~~~~
            %ld
../src/main.c:28:15: warning: format '%d' expects argument of type 'int', but argument 2 has type 'u32 {aka long unsigned int}' [-Wformat=]
     printf(" %d\r\n", command);
              ~^
              %ld
../src/main.c:114:20: warning: format '%d' expects argument of type 'int', but argument 2 has type 'u32 {aka long unsigned int}' [-Wformat=]
    printf("data = %d  i = %d\n", command, i);
                   ~^
                   %ld
../src/main.c:12:6: warning: unused variable 'data' [-Wunused-variable]
  u32 data;
      ^~~~
'Finished building: ../src/main.c'
' '
'Building target: test10.elf'
'Invoking: ARM v7 gcc linker'
arm-none-eabi-gcc -mcpu=cortex-a9 -mfpu=vfpv3 -mfloat-abi=hard -Wl,-build-id=none -specs=Xilinx.spec -Wl,-T -Wl,../src/lscript.ld -L../../test10_bsp/ps7_cortexa9_0/lib -o "test10.elf"  ./src/main.o   -Wl,--start-group,-lxil,-lgcc,-lc,--end-group
'Finished building target: test10.elf'
' '
'Invoking: ARM v7 Print Size'
arm-none-eabi-size test10.elf  |tee "test10.elf.size"
   text	   data	    bss	    dec	    hex	filename
 122208	   2580	  23328	 148116	  24294	test10.elf
'Finished building: test10.elf.size'
' '
01:19:29 **** Incremental Build of configuration Debug for project test10 ****
make pre-build main-build 
a9-linaro-pre-build-step
' '
make: Nothing to be done for 'main-build'.
01:20:12 **** Auto Build of configuration Debug for project test10 ****
make pre-build main-build 
a9-linaro-pre-build-step
' '
'Building file: ../src/main.c'
'Invoking: ARM v7 gcc compiler'
arm-none-eabi-gcc -Wall -O0 -g3 -c -fmessage-length=0 -MT"src/main.o" -mcpu=cortex-a9 -mfpu=vfpv3 -mfloat-abi=hard -I../../test10_bsp/ps7_cortexa9_0/include -MMD -MP -MF"src/main.d" -MT"src/main.o" -o "src/main.o" "../src/main.c"
../src/main.c: In function 'main':
../src/main.c:27:13: warning: format '%d' expects argument of type 'int *', but argument 2 has type 'u32 * {aka long unsigned int *}' [-Wformat=]
     scanf("%d", &command);
            ~^   ~~~~~~~~
            %ld
../src/main.c:28:15: warning: format '%d' expects argument of type 'int', but argument 2 has type 'u32 {aka long unsigned int}' [-Wformat=]
     printf(" %d\r\n", command);
              ~^
              %ld
../src/main.c:114:20: warning: format '%d' expects argument of type 'int', but argument 2 has type 'u32 {aka long unsigned int}' [-Wformat=]
    printf("data = %d  i = %d\n", command, i);
                   ~^
                   %ld
../src/main.c:12:6: warning: unused variable 'data' [-Wunused-variable]
  u32 data;
      ^~~~
'Finished building: ../src/main.c'
' '
'Building target: test10.elf'
'Invoking: ARM v7 gcc linker'
arm-none-eabi-gcc -mcpu=cortex-a9 -mfpu=vfpv3 -mfloat-abi=hard -Wl,-build-id=none -specs=Xilinx.spec -Wl,-T -Wl,../src/lscript.ld -L../../test10_bsp/ps7_cortexa9_0/lib -o "test10.elf"  ./src/main.o   -Wl,--start-group,-lxil,-lgcc,-lc,--end-group
'Finished building target: test10.elf'
' '
'Invoking: ARM v7 Print Size'
arm-none-eabi-size test10.elf  |tee "test10.elf.size"
   text	   data	    bss	    dec	    hex	filename
 122208	   2580	  23328	 148116	  24294	test10.elf
'Finished building: test10.elf.size'
' '
01:20:17 **** Incremental Build of configuration Debug for project test10 ****
make pre-build main-build 
a9-linaro-pre-build-step
' '
make: Nothing to be done for 'main-build'.
01:20:55 **** Auto Build of configuration Debug for project test10 ****
make pre-build main-build 
a9-linaro-pre-build-step
' '
'Building file: ../src/main.c'
'Invoking: ARM v7 gcc compiler'
arm-none-eabi-gcc -Wall -O0 -g3 -c -fmessage-length=0 -MT"src/main.o" -mcpu=cortex-a9 -mfpu=vfpv3 -mfloat-abi=hard -I../../test10_bsp/ps7_cortexa9_0/include -MMD -MP -MF"src/main.d" -MT"src/main.o" -o "src/main.o" "../src/main.c"
../src/main.c: In function 'main':
../src/main.c:27:13: warning: format '%d' expects argument of type 'int *', but argument 2 has type 'u32 * {aka long unsigned int *}' [-Wformat=]
     scanf("%d", &command);
            ~^   ~~~~~~~~
            %ld
../src/main.c:28:15: warning: format '%d' expects argument of type 'int', but argument 2 has type 'u32 {aka long unsigned int}' [-Wformat=]
     printf(" %d\r\n", command);
              ~^
              %ld
../src/main.c:12:6: warning: unused variable 'data' [-Wunused-variable]
  u32 data;
      ^~~~
'Finished building: ../src/main.c'
' '
'Building target: test10.elf'
'Invoking: ARM v7 gcc linker'
arm-none-eabi-gcc -mcpu=cortex-a9 -mfpu=vfpv3 -mfloat-abi=hard -Wl,-build-id=none -specs=Xilinx.spec -Wl,-T -Wl,../src/lscript.ld -L../../test10_bsp/ps7_cortexa9_0/lib -o "test10.elf"  ./src/main.o   -Wl,--start-group,-lxil,-lgcc,-lc,--end-group
'Finished building target: test10.elf'
' '
'Invoking: ARM v7 Print Size'
arm-none-eabi-size test10.elf  |tee "test10.elf.size"
   text	   data	    bss	    dec	    hex	filename
 122128	   2580	  23328	 148036	  24244	test10.elf
'Finished building: test10.elf.size'
' '
01:21:08 **** Incremental Build of configuration Debug for project test10 ****
make pre-build main-build 
a9-linaro-pre-build-step
' '
make: Nothing to be done for 'main-build'.
01:25:23 **** Auto Build of configuration Debug for project test10 ****
make pre-build main-build 
a9-linaro-pre-build-step
' '
'Building file: ../src/main.c'
'Invoking: ARM v7 gcc compiler'
arm-none-eabi-gcc -Wall -O0 -g3 -c -fmessage-length=0 -MT"src/main.o" -mcpu=cortex-a9 -mfpu=vfpv3 -mfloat-abi=hard -I../../test10_bsp/ps7_cortexa9_0/include -MMD -MP -MF"src/main.d" -MT"src/main.o" -o "src/main.o" "../src/main.c"
../src/main.c: In function 'main':
../src/main.c:27:13: warning: format '%d' expects argument of type 'int *', but argument 2 has type 'u32 * {aka long unsigned int *}' [-Wformat=]
     scanf("%d", &command);
            ~^   ~~~~~~~~
            %ld
../src/main.c:28:15: warning: format '%d' expects argument of type 'int', but argument 2 has type 'u32 {aka long unsigned int}' [-Wformat=]
     printf(" %d\r\n", command);
              ~^
              %ld
../src/main.c:59:29: error: invalid operands to binary + (have 'char *' and 'char *')
   printf("--           --\n"+
          ~~~~~~~~~~~~~~~~~~~^
../src/main.c:64:29: error: invalid operands to binary + (have 'char *' and 'char *')
   printf("--           --\n"+
          ~~~~~~~~~~~~~~~~~~~^
../src/main.c:12:6: warning: unused variable 'data' [-Wunused-variable]
  u32 data;
      ^~~~
make: *** [src/subdir.mk:23: src/main.o] Error 1
01:26:19 **** Auto Build of configuration Debug for project test10 ****
make pre-build main-build 
a9-linaro-pre-build-step
' '
'Building file: ../src/main.c'
'Invoking: ARM v7 gcc compiler'
arm-none-eabi-gcc -Wall -O0 -g3 -c -fmessage-length=0 -MT"src/main.o" -mcpu=cortex-a9 -mfpu=vfpv3 -mfloat-abi=hard -I../../test10_bsp/ps7_cortexa9_0/include -MMD -MP -MF"src/main.d" -MT"src/main.o" -o "src/main.o" "../src/main.c"
../src/main.c: In function 'main':
../src/main.c:27:13: warning: format '%d' expects argument of type 'int *', but argument 2 has type 'u32 * {aka long unsigned int *}' [-Wformat=]
     scanf("%d", &command);
            ~^   ~~~~~~~~
            %ld
../src/main.c:28:15: warning: format '%d' expects argument of type 'int', but argument 2 has type 'u32 {aka long unsigned int}' [-Wformat=]
     printf(" %d\r\n", command);
              ~^
              %ld
../src/main.c:59:29: error: invalid operands to binary + (have 'char *' and 'char *')
   printf("--           --\n"+
          ~~~~~~~~~~~~~~~~~~~^
../src/main.c:12:6: warning: unused variable 'data' [-Wunused-variable]
  u32 data;
      ^~~~
make: *** [src/subdir.mk:23: src/main.o] Error 1
01:28:11 **** Auto Build of configuration Debug for project test10 ****
make pre-build main-build 
a9-linaro-pre-build-step
' '
'Building file: ../src/main.c'
'Invoking: ARM v7 gcc compiler'
arm-none-eabi-gcc -Wall -O0 -g3 -c -fmessage-length=0 -MT"src/main.o" -mcpu=cortex-a9 -mfpu=vfpv3 -mfloat-abi=hard -I../../test10_bsp/ps7_cortexa9_0/include -MMD -MP -MF"src/main.d" -MT"src/main.o" -o "src/main.o" "../src/main.c"
../src/main.c: In function 'main':
../src/main.c:27:13: warning: format '%d' expects argument of type 'int *', but argument 2 has type 'u32 * {aka long unsigned int *}' [-Wformat=]
     scanf("%d", &command);
            ~^   ~~~~~~~~
            %ld
../src/main.c:28:15: warning: format '%d' expects argument of type 'int', but argument 2 has type 'u32 {aka long unsigned int}' [-Wformat=]
     printf(" %d\r\n", command);
              ~^
              %ld
../src/main.c:12:6: warning: unused variable 'data' [-Wunused-variable]
  u32 data;
      ^~~~
'Finished building: ../src/main.c'
' '
'Building target: test10.elf'
'Invoking: ARM v7 gcc linker'
arm-none-eabi-gcc -mcpu=cortex-a9 -mfpu=vfpv3 -mfloat-abi=hard -Wl,-build-id=none -specs=Xilinx.spec -Wl,-T -Wl,../src/lscript.ld -L../../test10_bsp/ps7_cortexa9_0/lib -o "test10.elf"  ./src/main.o   -Wl,--start-group,-lxil,-lgcc,-lc,--end-group
'Finished building target: test10.elf'
' '
'Invoking: ARM v7 Print Size'
arm-none-eabi-size test10.elf  |tee "test10.elf.size"
   text	   data	    bss	    dec	    hex	filename
 122208	   2580	  23328	 148116	  24294	test10.elf
'Finished building: test10.elf.size'
' '
01:28:44 **** Auto Build of configuration Debug for project test10 ****
make pre-build main-build 
a9-linaro-pre-build-step
' '
'Building file: ../src/main.c'
'Invoking: ARM v7 gcc compiler'
arm-none-eabi-gcc -Wall -O0 -g3 -c -fmessage-length=0 -MT"src/main.o" -mcpu=cortex-a9 -mfpu=vfpv3 -mfloat-abi=hard -I../../test10_bsp/ps7_cortexa9_0/include -MMD -MP -MF"src/main.d" -MT"src/main.o" -o "src/main.o" "../src/main.c"
../src/main.c: In function 'main':
../src/main.c:27:13: warning: format '%d' expects argument of type 'int *', but argument 2 has type 'u32 * {aka long unsigned int *}' [-Wformat=]
     scanf("%d", &command);
            ~^   ~~~~~~~~
            %ld
../src/main.c:28:15: warning: format '%d' expects argument of type 'int', but argument 2 has type 'u32 {aka long unsigned int}' [-Wformat=]
     printf(" %d\r\n", command);
              ~^
              %ld
../src/main.c:12:6: warning: unused variable 'data' [-Wunused-variable]
  u32 data;
      ^~~~
'Finished building: ../src/main.c'
' '
'Building target: test10.elf'
'Invoking: ARM v7 gcc linker'
arm-none-eabi-gcc -mcpu=cortex-a9 -mfpu=vfpv3 -mfloat-abi=hard -Wl,-build-id=none -specs=Xilinx.spec -Wl,-T -Wl,../src/lscript.ld -L../../test10_bsp/ps7_cortexa9_0/lib -o "test10.elf"  ./src/main.o   -Wl,--start-group,-lxil,-lgcc,-lc,--end-group
'Finished building target: test10.elf'
' '
'Invoking: ARM v7 Print Size'
arm-none-eabi-size test10.elf  |tee "test10.elf.size"
   text	   data	    bss	    dec	    hex	filename
 122272	   2580	  23328	 148180	  242d4	test10.elf
'Finished building: test10.elf.size'
' '
01:28:59 **** Auto Build of configuration Debug for project test10 ****
make pre-build main-build 
a9-linaro-pre-build-step
' '
'Building file: ../src/main.c'
'Invoking: ARM v7 gcc compiler'
arm-none-eabi-gcc -Wall -O0 -g3 -c -fmessage-length=0 -MT"src/main.o" -mcpu=cortex-a9 -mfpu=vfpv3 -mfloat-abi=hard -I../../test10_bsp/ps7_cortexa9_0/include -MMD -MP -MF"src/main.d" -MT"src/main.o" -o "src/main.o" "../src/main.c"
../src/main.c: In function 'main':
../src/main.c:27:13: warning: format '%d' expects argument of type 'int *', but argument 2 has type 'u32 * {aka long unsigned int *}' [-Wformat=]
     scanf("%d", &command);
            ~^   ~~~~~~~~
            %ld
../src/main.c:28:15: warning: format '%d' expects argument of type 'int', but argument 2 has type 'u32 {aka long unsigned int}' [-Wformat=]
     printf(" %d\r\n", command);
              ~^
              %ld
../src/main.c:12:6: warning: unused variable 'data' [-Wunused-variable]
  u32 data;
      ^~~~
'Finished building: ../src/main.c'
' '
'Building target: test10.elf'
'Invoking: ARM v7 gcc linker'
arm-none-eabi-gcc -mcpu=cortex-a9 -mfpu=vfpv3 -mfloat-abi=hard -Wl,-build-id=none -specs=Xilinx.spec -Wl,-T -Wl,../src/lscript.ld -L../../test10_bsp/ps7_cortexa9_0/lib -o "test10.elf"  ./src/main.o   -Wl,--start-group,-lxil,-lgcc,-lc,--end-group
'Finished building target: test10.elf'
' '
'Invoking: ARM v7 Print Size'
arm-none-eabi-size test10.elf  |tee "test10.elf.size"
   text	   data	    bss	    dec	    hex	filename
 122272	   2580	  23328	 148180	  242d4	test10.elf
'Finished building: test10.elf.size'
' '
01:29:13 **** Auto Build of configuration Debug for project test10 ****
make pre-build main-build 
a9-linaro-pre-build-step
' '
'Building file: ../src/main.c'
'Invoking: ARM v7 gcc compiler'
arm-none-eabi-gcc -Wall -O0 -g3 -c -fmessage-length=0 -MT"src/main.o" -mcpu=cortex-a9 -mfpu=vfpv3 -mfloat-abi=hard -I../../test10_bsp/ps7_cortexa9_0/include -MMD -MP -MF"src/main.d" -MT"src/main.o" -o "src/main.o" "../src/main.c"
../src/main.c: In function 'main':
../src/main.c:27:13: warning: format '%d' expects argument of type 'int *', but argument 2 has type 'u32 * {aka long unsigned int *}' [-Wformat=]
     scanf("%d", &command);
            ~^   ~~~~~~~~
            %ld
../src/main.c:28:15: warning: format '%d' expects argument of type 'int', but argument 2 has type 'u32 {aka long unsigned int}' [-Wformat=]
     printf(" %d\r\n", command);
              ~^
              %ld
../src/main.c:12:6: warning: unused variable 'data' [-Wunused-variable]
  u32 data;
      ^~~~
'Finished building: ../src/main.c'
' '
'Building target: test10.elf'
'Invoking: ARM v7 gcc linker'
arm-none-eabi-gcc -mcpu=cortex-a9 -mfpu=vfpv3 -mfloat-abi=hard -Wl,-build-id=none -specs=Xilinx.spec -Wl,-T -Wl,../src/lscript.ld -L../../test10_bsp/ps7_cortexa9_0/lib -o "test10.elf"  ./src/main.o   -Wl,--start-group,-lxil,-lgcc,-lc,--end-group
'Finished building target: test10.elf'
' '
'Invoking: ARM v7 Print Size'
arm-none-eabi-size test10.elf  |tee "test10.elf.size"
   text	   data	    bss	    dec	    hex	filename
 122240	   2580	  23328	 148148	  242b4	test10.elf
'Finished building: test10.elf.size'
' '
01:29:18 **** Incremental Build of configuration Debug for project test10 ****
make pre-build main-build 
a9-linaro-pre-build-step
' '
make: Nothing to be done for 'main-build'.
01:30:37 **** Auto Build of configuration Debug for project test10 ****
make pre-build main-build 
a9-linaro-pre-build-step
' '
'Building file: ../src/main.c'
'Invoking: ARM v7 gcc compiler'
arm-none-eabi-gcc -Wall -O0 -g3 -c -fmessage-length=0 -MT"src/main.o" -mcpu=cortex-a9 -mfpu=vfpv3 -mfloat-abi=hard -I../../test10_bsp/ps7_cortexa9_0/include -MMD -MP -MF"src/main.d" -MT"src/main.o" -o "src/main.o" "../src/main.c"
../src/main.c: In function 'main':
../src/main.c:27:13: warning: format '%d' expects argument of type 'int *', but argument 2 has type 'u32 * {aka long unsigned int *}' [-Wformat=]
     scanf("%d", &command);
            ~^   ~~~~~~~~
            %ld
../src/main.c:28:15: warning: format '%d' expects argument of type 'int', but argument 2 has type 'u32 {aka long unsigned int}' [-Wformat=]
     printf(" %d\r\n", command);
              ~^
              %ld
../src/main.c:12:6: warning: unused variable 'data' [-Wunused-variable]
  u32 data;
      ^~~~
'Finished building: ../src/main.c'
' '
'Building target: test10.elf'
'Invoking: ARM v7 gcc linker'
arm-none-eabi-gcc -mcpu=cortex-a9 -mfpu=vfpv3 -mfloat-abi=hard -Wl,-build-id=none -specs=Xilinx.spec -Wl,-T -Wl,../src/lscript.ld -L../../test10_bsp/ps7_cortexa9_0/lib -o "test10.elf"  ./src/main.o   -Wl,--start-group,-lxil,-lgcc,-lc,--end-group
'Finished building target: test10.elf'
' '
'Invoking: ARM v7 Print Size'
arm-none-eabi-size test10.elf  |tee "test10.elf.size"
   text	   data	    bss	    dec	    hex	filename
 122232	   2580	  23328	 148140	  242ac	test10.elf
'Finished building: test10.elf.size'
' '
01:30:49 **** Incremental Build of configuration Debug for project test10 ****
make pre-build main-build 
a9-linaro-pre-build-step
' '
make: Nothing to be done for 'main-build'.
01:32:20 **** Incremental Build of configuration Debug for project test10 ****
make pre-build main-build 
a9-linaro-pre-build-step
' '
'Building file: ../src/main.c'
'Invoking: ARM v7 gcc compiler'
arm-none-eabi-gcc -Wall -O0 -g3 -c -fmessage-length=0 -MT"src/main.o" -mcpu=cortex-a9 -mfpu=vfpv3 -mfloat-abi=hard -I../../test10_bsp/ps7_cortexa9_0/include -MMD -MP -MF"src/main.d" -MT"src/main.o" -o "src/main.o" "../src/main.c"
../src/main.c: In function 'main':
../src/main.c:27:13: warning: format '%d' expects argument of type 'int *', but argument 2 has type 'u32 * {aka long unsigned int *}' [-Wformat=]
     scanf("%d", &command);
            ~^   ~~~~~~~~
            %ld
../src/main.c:28:15: warning: format '%d' expects argument of type 'int', but argument 2 has type 'u32 {aka long unsigned int}' [-Wformat=]
     printf(" %d\r\n", command);
              ~^
              %ld
../src/main.c:12:6: warning: unused variable 'data' [-Wunused-variable]
  u32 data;
      ^~~~
'Finished building: ../src/main.c'
' '
'Building target: test10.elf'
'Invoking: ARM v7 gcc linker'
arm-none-eabi-gcc -mcpu=cortex-a9 -mfpu=vfpv3 -mfloat-abi=hard -Wl,-build-id=none -specs=Xilinx.spec -Wl,-T -Wl,../src/lscript.ld -L../../test10_bsp/ps7_cortexa9_0/lib -o "test10.elf"  ./src/main.o   -Wl,--start-group,-lxil,-lgcc,-lc,--end-group
'Finished building target: test10.elf'
' '
'Invoking: ARM v7 Print Size'
arm-none-eabi-size test10.elf  |tee "test10.elf.size"
   text	   data	    bss	    dec	    hex	filename
 122232	   2580	  23328	 148140	  242ac	test10.elf
'Finished building: test10.elf.size'
' '
01:32:51 **** Auto Build of configuration Debug for project test10 ****
make pre-build main-build 
a9-linaro-pre-build-step
' '
'Building file: ../src/main.c'
'Invoking: ARM v7 gcc compiler'
arm-none-eabi-gcc -Wall -O0 -g3 -c -fmessage-length=0 -MT"src/main.o" -mcpu=cortex-a9 -mfpu=vfpv3 -mfloat-abi=hard -I../../test10_bsp/ps7_cortexa9_0/include -MMD -MP -MF"src/main.d" -MT"src/main.o" -o "src/main.o" "../src/main.c"
../src/main.c: In function 'main':
../src/main.c:27:13: warning: format '%d' expects argument of type 'int *', but argument 2 has type 'u32 * {aka long unsigned int *}' [-Wformat=]
     scanf("%d", &command);
            ~^   ~~~~~~~~
            %ld
../src/main.c:28:15: warning: format '%d' expects argument of type 'int', but argument 2 has type 'u32 {aka long unsigned int}' [-Wformat=]
     printf(" %d\r\n", command);
              ~^
              %ld
../src/main.c:12:6: warning: unused variable 'data' [-Wunused-variable]
  u32 data;
      ^~~~
'Finished building: ../src/main.c'
' '
'Building target: test10.elf'
'Invoking: ARM v7 gcc linker'
arm-none-eabi-gcc -mcpu=cortex-a9 -mfpu=vfpv3 -mfloat-abi=hard -Wl,-build-id=none -specs=Xilinx.spec -Wl,-T -Wl,../src/lscript.ld -L../../test10_bsp/ps7_cortexa9_0/lib -o "test10.elf"  ./src/main.o   -Wl,--start-group,-lxil,-lgcc,-lc,--end-group
'Finished building target: test10.elf'
' '
'Invoking: ARM v7 Print Size'
arm-none-eabi-size test10.elf  |tee "test10.elf.size"
   text	   data	    bss	    dec	    hex	filename
 122232	   2580	  23328	 148140	  242ac	test10.elf
'Finished building: test10.elf.size'
' '
01:32:56 **** Incremental Build of configuration Debug for project test10 ****
make pre-build main-build 
a9-linaro-pre-build-step
' '
make: Nothing to be done for 'main-build'.
01:34:18 **** Incremental Build of configuration Debug for project test10 ****
make pre-build main-build 
a9-linaro-pre-build-step
' '
make: Nothing to be done for 'main-build'.
01:35:13 **** Incremental Build of configuration Debug for project test10 ****
make pre-build main-build 
a9-linaro-pre-build-step
' '
make: Nothing to be done for 'main-build'.
01:36:38 **** Incremental Build of configuration Debug for project test10 ****
make pre-build main-build 
a9-linaro-pre-build-step
' '
make: Nothing to be done for 'main-build'.
01:37:41 **** Auto Build of configuration Debug for project test10 ****
make pre-build main-build 
a9-linaro-pre-build-step
' '
'Building file: ../src/main.c'
'Invoking: ARM v7 gcc compiler'
arm-none-eabi-gcc -Wall -O0 -g3 -c -fmessage-length=0 -MT"src/main.o" -mcpu=cortex-a9 -mfpu=vfpv3 -mfloat-abi=hard -I../../test10_bsp/ps7_cortexa9_0/include -MMD -MP -MF"src/main.d" -MT"src/main.o" -o "src/main.o" "../src/main.c"
../src/main.c: In function 'main':
../src/main.c:27:13: warning: format '%d' expects argument of type 'int *', but argument 2 has type 'u32 * {aka long unsigned int *}' [-Wformat=]
     scanf("%d", &command);
            ~^   ~~~~~~~~
            %ld
../src/main.c:28:15: warning: format '%d' expects argument of type 'int', but argument 2 has type 'u32 {aka long unsigned int}' [-Wformat=]
     printf(" %d\r\n", command);
              ~^
              %ld
../src/main.c:12:6: warning: unused variable 'data' [-Wunused-variable]
  u32 data;
      ^~~~
'Finished building: ../src/main.c'
' '
'Building target: test10.elf'
'Invoking: ARM v7 gcc linker'
arm-none-eabi-gcc -mcpu=cortex-a9 -mfpu=vfpv3 -mfloat-abi=hard -Wl,-build-id=none -specs=Xilinx.spec -Wl,-T -Wl,../src/lscript.ld -L../../test10_bsp/ps7_cortexa9_0/lib -o "test10.elf"  ./src/main.o   -Wl,--start-group,-lxil,-lgcc,-lc,--end-group
'Finished building target: test10.elf'
' '
'Invoking: ARM v7 Print Size'
arm-none-eabi-size test10.elf  |tee "test10.elf.size"
   text	   data	    bss	    dec	    hex	filename
 122232	   2580	  23328	 148140	  242ac	test10.elf
'Finished building: test10.elf.size'
' '
01:37:45 **** Incremental Build of configuration Debug for project test10 ****
make pre-build main-build 
a9-linaro-pre-build-step
' '
make: Nothing to be done for 'main-build'.
01:41:42 **** Auto Build of configuration Debug for project test10 ****
make pre-build main-build 
a9-linaro-pre-build-step
' '
'Building file: ../src/main.c'
'Invoking: ARM v7 gcc compiler'
arm-none-eabi-gcc -Wall -O0 -g3 -c -fmessage-length=0 -MT"src/main.o" -mcpu=cortex-a9 -mfpu=vfpv3 -mfloat-abi=hard -I../../test10_bsp/ps7_cortexa9_0/include -MMD -MP -MF"src/main.d" -MT"src/main.o" -o "src/main.o" "../src/main.c"
../src/main.c: In function 'main':
../src/main.c:28:13: warning: format '%d' expects argument of type 'int *', but argument 2 has type 'u32 * {aka long unsigned int *}' [-Wformat=]
     scanf("%d", &command);
            ~^   ~~~~~~~~
            %ld
../src/main.c:29:15: warning: format '%d' expects argument of type 'int', but argument 2 has type 'u32 {aka long unsigned int}' [-Wformat=]
     printf(" %d\r\n", command);
              ~^
              %ld
../src/main.c:125:3: error: expected '(' before 'printf'
   printf("--           --\n"\
   ^~~~~~
../src/main.c:12:6: warning: unused variable 'data' [-Wunused-variable]
  u32 data;
      ^~~~
make: *** [src/subdir.mk:23: src/main.o] Error 1
01:42:58 **** Auto Build of configuration Debug for project test10 ****
make pre-build main-build 
a9-linaro-pre-build-step
' '
'Building file: ../src/main.c'
'Invoking: ARM v7 gcc compiler'
arm-none-eabi-gcc -Wall -O0 -g3 -c -fmessage-length=0 -MT"src/main.o" -mcpu=cortex-a9 -mfpu=vfpv3 -mfloat-abi=hard -I../../test10_bsp/ps7_cortexa9_0/include -MMD -MP -MF"src/main.d" -MT"src/main.o" -o "src/main.o" "../src/main.c"
../src/main.c: In function 'main':
../src/main.c:28:13: warning: format '%d' expects argument of type 'int *', but argument 2 has type 'u32 * {aka long unsigned int *}' [-Wformat=]
     scanf("%d", &command);
            ~^   ~~~~~~~~
            %ld
../src/main.c:29:15: warning: format '%d' expects argument of type 'int', but argument 2 has type 'u32 {aka long unsigned int}' [-Wformat=]
     printf(" %d\r\n", command);
              ~^
              %ld
../src/main.c:12:6: warning: unused variable 'data' [-Wunused-variable]
  u32 data;
      ^~~~
'Finished building: ../src/main.c'
' '
'Building target: test10.elf'
'Invoking: ARM v7 gcc linker'
arm-none-eabi-gcc -mcpu=cortex-a9 -mfpu=vfpv3 -mfloat-abi=hard -Wl,-build-id=none -specs=Xilinx.spec -Wl,-T -Wl,../src/lscript.ld -L../../test10_bsp/ps7_cortexa9_0/lib -o "test10.elf"  ./src/main.o   -Wl,--start-group,-lxil,-lgcc,-lc,--end-group
'Finished building target: test10.elf'
' '
'Invoking: ARM v7 Print Size'
arm-none-eabi-size test10.elf  |tee "test10.elf.size"
   text	   data	    bss	    dec	    hex	filename
 122312	   2580	  23328	 148220	  242fc	test10.elf
'Finished building: test10.elf.size'
' '
01:43:51 **** Incremental Build of configuration Debug for project test10 ****
make pre-build main-build 
a9-linaro-pre-build-step
' '
make: Nothing to be done for 'main-build'.
01:46:37 **** Auto Build of configuration Debug for project test10 ****
make pre-build main-build 
a9-linaro-pre-build-step
' '
'Building file: ../src/main.c'
'Invoking: ARM v7 gcc compiler'
arm-none-eabi-gcc -Wall -O0 -g3 -c -fmessage-length=0 -MT"src/main.o" -mcpu=cortex-a9 -mfpu=vfpv3 -mfloat-abi=hard -I../../test10_bsp/ps7_cortexa9_0/include -MMD -MP -MF"src/main.d" -MT"src/main.o" -o "src/main.o" "../src/main.c"
../src/main.c: In function 'main':
../src/main.c:28:13: warning: format '%d' expects argument of type 'int *', but argument 2 has type 'u32 * {aka long unsigned int *}' [-Wformat=]
     scanf("%d", &command);
            ~^   ~~~~~~~~
            %ld
../src/main.c:29:15: warning: format '%d' expects argument of type 'int', but argument 2 has type 'u32 {aka long unsigned int}' [-Wformat=]
     printf(" %d\r\n", command);
              ~^
              %ld
../src/main.c:123:18: warning: format '%d' expects argument of type 'int', but argument 2 has type 'u32 {aka long unsigned int}' [-Wformat=]
   printf("Com = %d",command);
                 ~^
                 %ld
../src/main.c:12:6: warning: unused variable 'data' [-Wunused-variable]
  u32 data;
      ^~~~
'Finished building: ../src/main.c'
' '
'Building target: test10.elf'
'Invoking: ARM v7 gcc linker'
arm-none-eabi-gcc -mcpu=cortex-a9 -mfpu=vfpv3 -mfloat-abi=hard -Wl,-build-id=none -specs=Xilinx.spec -Wl,-T -Wl,../src/lscript.ld -L../../test10_bsp/ps7_cortexa9_0/lib -o "test10.elf"  ./src/main.o   -Wl,--start-group,-lxil,-lgcc,-lc,--end-group
'Finished building target: test10.elf'
' '
'Invoking: ARM v7 Print Size'
arm-none-eabi-size test10.elf  |tee "test10.elf.size"
   text	   data	    bss	    dec	    hex	filename
 122320	   2580	  23328	 148228	  24304	test10.elf
'Finished building: test10.elf.size'
' '
01:46:50 **** Auto Build of configuration Debug for project test10 ****
make pre-build main-build 
a9-linaro-pre-build-step
' '
'Building file: ../src/main.c'
'Invoking: ARM v7 gcc compiler'
arm-none-eabi-gcc -Wall -O0 -g3 -c -fmessage-length=0 -MT"src/main.o" -mcpu=cortex-a9 -mfpu=vfpv3 -mfloat-abi=hard -I../../test10_bsp/ps7_cortexa9_0/include -MMD -MP -MF"src/main.d" -MT"src/main.o" -o "src/main.o" "../src/main.c"
../src/main.c: In function 'main':
../src/main.c:28:13: warning: format '%d' expects argument of type 'int *', but argument 2 has type 'u32 * {aka long unsigned int *}' [-Wformat=]
     scanf("%d", &command);
            ~^   ~~~~~~~~
            %ld
../src/main.c:29:15: warning: format '%d' expects argument of type 'int', but argument 2 has type 'u32 {aka long unsigned int}' [-Wformat=]
     printf(" %d\r\n", command);
              ~^
              %ld
../src/main.c:123:18: warning: format '%d' expects argument of type 'int', but argument 2 has type 'u32 {aka long unsigned int}' [-Wformat=]
   printf("Com = %d\n",command);
                 ~^
                 %ld
../src/main.c:12:6: warning: unused variable 'data' [-Wunused-variable]
  u32 data;
      ^~~~
'Finished building: ../src/main.c'
' '
'Building target: test10.elf'
'Invoking: ARM v7 gcc linker'
arm-none-eabi-gcc -mcpu=cortex-a9 -mfpu=vfpv3 -mfloat-abi=hard -Wl,-build-id=none -specs=Xilinx.spec -Wl,-T -Wl,../src/lscript.ld -L../../test10_bsp/ps7_cortexa9_0/lib -o "test10.elf"  ./src/main.o   -Wl,--start-group,-lxil,-lgcc,-lc,--end-group
'Finished building target: test10.elf'
' '
'Invoking: ARM v7 Print Size'
arm-none-eabi-size test10.elf  |tee "test10.elf.size"
   text	   data	    bss	    dec	    hex	filename
 122320	   2580	  23328	 148228	  24304	test10.elf
'Finished building: test10.elf.size'
' '
01:46:54 **** Incremental Build of configuration Debug for project test10 ****
make pre-build main-build 
a9-linaro-pre-build-step
' '
make: Nothing to be done for 'main-build'.
01:48:03 **** Auto Build of configuration Debug for project test10 ****
make pre-build main-build 
a9-linaro-pre-build-step
' '
'Building file: ../src/main.c'
'Invoking: ARM v7 gcc compiler'
arm-none-eabi-gcc -Wall -O0 -g3 -c -fmessage-length=0 -MT"src/main.o" -mcpu=cortex-a9 -mfpu=vfpv3 -mfloat-abi=hard -I../../test10_bsp/ps7_cortexa9_0/include -MMD -MP -MF"src/main.d" -MT"src/main.o" -o "src/main.o" "../src/main.c"
../src/main.c: In function 'main':
../src/main.c:28:13: warning: format '%d' expects argument of type 'int *', but argument 2 has type 'u32 * {aka long unsigned int *}' [-Wformat=]
     scanf("%d", &command);
            ~^   ~~~~~~~~
            %ld
../src/main.c:29:15: warning: format '%d' expects argument of type 'int', but argument 2 has type 'u32 {aka long unsigned int}' [-Wformat=]
     printf(" %d\r\n", command);
              ~^
              %ld
../src/main.c:19:6: warning: variable 'count' set but not used [-Wunused-but-set-variable]
  int count;
      ^~~~~
../src/main.c:12:6: warning: unused variable 'data' [-Wunused-variable]
  u32 data;
      ^~~~
'Finished building: ../src/main.c'
' '
'Building target: test10.elf'
'Invoking: ARM v7 gcc linker'
arm-none-eabi-gcc -mcpu=cortex-a9 -mfpu=vfpv3 -mfloat-abi=hard -Wl,-build-id=none -specs=Xilinx.spec -Wl,-T -Wl,../src/lscript.ld -L../../test10_bsp/ps7_cortexa9_0/lib -o "test10.elf"  ./src/main.o   -Wl,--start-group,-lxil,-lgcc,-lc,--end-group
'Finished building target: test10.elf'
' '
'Invoking: ARM v7 Print Size'
arm-none-eabi-size test10.elf  |tee "test10.elf.size"
   text	   data	    bss	    dec	    hex	filename
 122248	   2580	  23328	 148156	  242bc	test10.elf
'Finished building: test10.elf.size'
' '
01:48:09 **** Incremental Build of configuration Debug for project test10 ****
make pre-build main-build 
a9-linaro-pre-build-step
' '
make: Nothing to be done for 'main-build'.
01:49:01 **** Auto Build of configuration Debug for project test10 ****
make pre-build main-build 
a9-linaro-pre-build-step
' '
'Building file: ../src/main.c'
'Invoking: ARM v7 gcc compiler'
arm-none-eabi-gcc -Wall -O0 -g3 -c -fmessage-length=0 -MT"src/main.o" -mcpu=cortex-a9 -mfpu=vfpv3 -mfloat-abi=hard -I../../test10_bsp/ps7_cortexa9_0/include -MMD -MP -MF"src/main.d" -MT"src/main.o" -o "src/main.o" "../src/main.c"
../src/main.c: In function 'main':
../src/main.c:28:13: warning: format '%d' expects argument of type 'int *', but argument 2 has type 'u32 * {aka long unsigned int *}' [-Wformat=]
     scanf("%d", &command);
            ~^   ~~~~~~~~
            %ld
../src/main.c:29:15: warning: format '%d' expects argument of type 'int', but argument 2 has type 'u32 {aka long unsigned int}' [-Wformat=]
     printf(" %d\r\n", command);
              ~^
              %ld
../src/main.c:19:6: warning: variable 'count' set but not used [-Wunused-but-set-variable]
  int count;
      ^~~~~
../src/main.c:12:6: warning: unused variable 'data' [-Wunused-variable]
  u32 data;
      ^~~~
'Finished building: ../src/main.c'
' '
'Building target: test10.elf'
'Invoking: ARM v7 gcc linker'
arm-none-eabi-gcc -mcpu=cortex-a9 -mfpu=vfpv3 -mfloat-abi=hard -Wl,-build-id=none -specs=Xilinx.spec -Wl,-T -Wl,../src/lscript.ld -L../../test10_bsp/ps7_cortexa9_0/lib -o "test10.elf"  ./src/main.o   -Wl,--start-group,-lxil,-lgcc,-lc,--end-group
'Finished building target: test10.elf'
' '
'Invoking: ARM v7 Print Size'
arm-none-eabi-size test10.elf  |tee "test10.elf.size"
   text	   data	    bss	    dec	    hex	filename
 122232	   2580	  23328	 148140	  242ac	test10.elf
'Finished building: test10.elf.size'
' '
01:49:16 **** Incremental Build of configuration Debug for project test10 ****
make pre-build main-build 
a9-linaro-pre-build-step
' '
make: Nothing to be done for 'main-build'.
