00:58:55 **** Auto Build of configuration Debug for project sort ****
make pre-build main-build 
a9-linaro-pre-build-step
' '
'Building file: ../src/main.c'
'Invoking: ARM v7 gcc compiler'
arm-none-eabi-gcc -Wall -O0 -g3 -c -fmessage-length=0 -MT"src/main.o" -mcpu=cortex-a9 -mfpu=vfpv3 -mfloat-abi=hard -I../../sort_bsp/ps7_cortexa9_0/include -MMD -MP -MF"src/main.d" -MT"src/main.o" -o "src/main.o" "../src/main.c"
../src/main.c: In function 'main':
../src/main.c:25:11: warning: format '%d' expects argument of type 'int *', but argument 2 has type 'u32 *' {aka 'long unsigned int *'} [-Wformat=]
   scanf("%d", &a0);
          ~^   ~~~
          %ld
../src/main.c:26:13: warning: format '%d' expects argument of type 'int', but argument 2 has type 'u32' {aka 'long unsigned int'} [-Wformat=]
   printf(" %d\r\n", a0);
            ~^       ~~
            %ld
../src/main.c:28:11: warning: format '%d' expects argument of type 'int *', but argument 2 has type 'u32 *' {aka 'long unsigned int *'} [-Wformat=]
   scanf("%d", &a1);
          ~^   ~~~
          %ld
../src/main.c:29:13: warning: format '%d' expects argument of type 'int', but argument 2 has type 'u32' {aka 'long unsigned int'} [-Wformat=]
   printf(" %d\r\n", a1);
            ~^       ~~
            %ld
../src/main.c:31:11: warning: format '%d' expects argument of type 'int *', but argument 2 has type 'u32 *' {aka 'long unsigned int *'} [-Wformat=]
   scanf("%d", &a2);
          ~^   ~~~
          %ld
../src/main.c:32:13: warning: format '%d' expects argument of type 'int', but argument 2 has type 'u32' {aka 'long unsigned int'} [-Wformat=]
   printf(" %d\r\n", a2);
            ~^       ~~
            %ld
../src/main.c:34:11: warning: format '%d' expects argument of type 'int *', but argument 2 has type 'u32 *' {aka 'long unsigned int *'} [-Wformat=]
   scanf("%d", &a3);
          ~^   ~~~
          %ld
../src/main.c:35:13: warning: format '%d' expects argument of type 'int', but argument 2 has type 'u32' {aka 'long unsigned int'} [-Wformat=]
   printf(" %d\r\n", a3);
            ~^       ~~
            %ld
../src/main.c:37:11: warning: format '%d' expects argument of type 'int *', but argument 2 has type 'u32 *' {aka 'long unsigned int *'} [-Wformat=]
   scanf("%d", &a4);
          ~^   ~~~
          %ld
../src/main.c:38:13: warning: format '%d' expects argument of type 'int', but argument 2 has type 'u32' {aka 'long unsigned int'} [-Wformat=]
   printf(" %d\r\n", a4);
            ~^       ~~
            %ld
../src/main.c:40:11: warning: format '%d' expects argument of type 'int *', but argument 2 has type 'u32 *' {aka 'long unsigned int *'} [-Wformat=]
   scanf("%d", &a5);
          ~^   ~~~
          %ld
../src/main.c:41:13: warning: format '%d' expects argument of type 'int', but argument 2 has type 'u32' {aka 'long unsigned int'} [-Wformat=]
   printf(" %d\r\n", a5);
            ~^       ~~
            %ld
../src/main.c:43:11: warning: format '%d' expects argument of type 'int *', but argument 2 has type 'u32 *' {aka 'long unsigned int *'} [-Wformat=]
   scanf("%d", &a6);
          ~^   ~~~
          %ld
../src/main.c:44:13: warning: format '%d' expects argument of type 'int', but argument 2 has type 'u32' {aka 'long unsigned int'} [-Wformat=]
   printf(" %d\r\n", a6);
            ~^       ~~
            %ld
../src/main.c:46:11: warning: format '%d' expects argument of type 'int *', but argument 2 has type 'u32 *' {aka 'long unsigned int *'} [-Wformat=]
   scanf("%d", &a7);
          ~^   ~~~
          %ld
../src/main.c:47:13: warning: format '%d' expects argument of type 'int', but argument 2 has type 'u32' {aka 'long unsigned int'} [-Wformat=]
   printf(" %d\r\n", a7);
            ~^       ~~
            %ld
../src/main.c:73:27: warning: format '%d' expects argument of type 'int', but argument 2 has type 'u32' {aka 'long unsigned int'} [-Wformat=]
   printf("Sorted array = %d, %d, %d, %d, %d, %d, %d, %d\n\r", s0, s1, s2, s3, s4, s5, s6, s7);
                          ~^                                   ~~
                          %ld
../src/main.c:73:31: warning: format '%d' expects argument of type 'int', but argument 3 has type 'u32' {aka 'long unsigned int'} [-Wformat=]
   printf("Sorted array = %d, %d, %d, %d, %d, %d, %d, %d\n\r", s0, s1, s2, s3, s4, s5, s6, s7);
                              ~^                                   ~~
                              %ld
../src/main.c:73:35: warning: format '%d' expects argument of type 'int', but argument 4 has type 'u32' {aka 'long unsigned int'} [-Wformat=]
   printf("Sorted array = %d, %d, %d, %d, %d, %d, %d, %d\n\r", s0, s1, s2, s3, s4, s5, s6, s7);
                                  ~^                                   ~~
                                  %ld
../src/main.c:73:39: warning: format '%d' expects argument of type 'int', but argument 5 has type 'u32' {aka 'long unsigned int'} [-Wformat=]
   printf("Sorted array = %d, %d, %d, %d, %d, %d, %d, %d\n\r", s0, s1, s2, s3, s4, s5, s6, s7);
                                      ~^                                   ~~
                                      %ld
../src/main.c:73:43: warning: format '%d' expects argument of type 'int', but argument 6 has type 'u32' {aka 'long unsigned int'} [-Wformat=]
   printf("Sorted array = %d, %d, %d, %d, %d, %d, %d, %d\n\r", s0, s1, s2, s3, s4, s5, s6, s7);
                                          ~^                                   ~~
                                          %ld
../src/main.c:73:47: warning: format '%d' expects argument of type 'int', but argument 7 has type 'u32' {aka 'long unsigned int'} [-Wformat=]
   printf("Sorted array = %d, %d, %d, %d, %d, %d, %d, %d\n\r", s0, s1, s2, s3, s4, s5, s6, s7);
                                              ~^                                   ~~
                                              %ld
../src/main.c:73:51: warning: format '%d' expects argument of type 'int', but argument 8 has type 'u32' {aka 'long unsigned int'} [-Wformat=]
   printf("Sorted array = %d, %d, %d, %d, %d, %d, %d, %d\n\r", s0, s1, s2, s3, s4, s5, s6, s7);
                                                  ~^                                   ~~
                                                  %ld
../src/main.c:73:55: warning: format '%d' expects argument of type 'int', but argument 9 has type 'u32' {aka 'long unsigned int'} [-Wformat=]
   printf("Sorted array = %d, %d, %d, %d, %d, %d, %d, %d\n\r", s0, s1, s2, s3, s4, s5, s6, s7);
                                                      ~^                                   ~~
                                                      %ld
'Finished building: ../src/main.c'
' '
'Building target: sort.elf'
'Invoking: ARM v7 gcc linker'
arm-none-eabi-gcc -mcpu=cortex-a9 -mfpu=vfpv3 -mfloat-abi=hard -Wl,-build-id=none -specs=Xilinx.spec -Wl,-T -Wl,../src/lscript.ld -L../../sort_bsp/ps7_cortexa9_0/lib -o "sort.elf"  ./src/main.o ./src/platform.o   -Wl,--start-group,-lxil,-lgcc,-lc,--end-group
'Finished building target: sort.elf'
' '
'Invoking: ARM v7 Print Size'
arm-none-eabi-size sort.elf  |tee "sort.elf.size"
   text	   data	    bss	    dec	    hex	filename
  99104	   2584	  23328	 125016	  1e858	sort.elf
'Finished building: sort.elf.size'
' '

00:58:57 Build Finished (took 2s.219ms)

